LD 0
LD 32
LD 64
LD 96
LD 128
LD 160
LD 192
LD 224
LD 256
LD 288
LD 320
LD 352
LD 384
LD 416
LD 448
LD 480
LD 512
LD 544
LD 576
LD 608
LD 640
LD 672
LD 704
LD 736
LD 768
LD 800
LD 832
LD 864
LD 896
LD 928
LD 960
LD 992
LD 1024
LD 1056
LD 1088
LD 1120
LD 1152
LD 1184
LD 1216
LD 1248
LD 1280
LD 1312
LD 1344
LD 1376
LD 1408
LD 1440
LD 1472
LD 1504
LD 1536
LD 1568
LD 1600
LD 1632
LD 1664
LD 1696
LD 1728
LD 1760
LD 1792
LD 1824
LD 1856
LD 1888
LD 1920
LD 1952
LD 1984
LD 2016
LD 2048
LD 2080
LD 2112
LD 2144
LD 2176
LD 2208
LD 2240
LD 2272
LD 2304
LD 2336
LD 2368
LD 2400
LD 2432
LD 2464
LD 2496
LD 2528
LD 2560
LD 2592
LD 2624
LD 2656
LD 2688
LD 2720
LD 2752
LD 2784
LD 2816
LD 2848
LD 2880
LD 2912
LD 2944
LD 2976
LD 3008
LD 3040
LD 3072
LD 3104
LD 3136
LD 3168
LD 3200
LD 3232
LD 3264
LD 3296
LD 3328
LD 3360
LD 3392
LD 3424
LD 3456
LD 3488
LD 3520
LD 3552
LD 3584
LD 3616
LD 3648
LD 3680
LD 3712
LD 3744
LD 3776
LD 3808
LD 3840
LD 3872
LD 3904
LD 3936
LD 3968
LD 4000
LD 4032
LD 4064
LD 4096
LD 4128
LD 4160
LD 4192
LD 4224
LD 4256
LD 4288
LD 4320
LD 4352
LD 4384
LD 4416
LD 4448
LD 4480
LD 4512
LD 4544
LD 4576
LD 4608
LD 4640
LD 4672
LD 4704
LD 4736
LD 4768
LD 4800
LD 4832
LD 4864
LD 4896
LD 4928
LD 4960
LD 4992
LD 5024
LD 5056
LD 5088
LD 5120
LD 5152
LD 5184
LD 5216
LD 5248
LD 5280
LD 5312
LD 5344
LD 5376
LD 5408
LD 5440
LD 5472
LD 5504
LD 5536
LD 5568
LD 5600
LD 5632
LD 5664
LD 5696
LD 5728
LD 5760
LD 5792
LD 5824
LD 5856
LD 5888
LD 5920
LD 5952
LD 5984
LD 6016
LD 6048
LD 6080
LD 6112
LD 6144
LD 6176
LD 6208
LD 6240
LD 6272
LD 6304
LD 6336
LD 6368
LD 6400
LD 6432
LD 6464
LD 6496
LD 6528
LD 6560
LD 6592
LD 6624
LD 6656
LD 6688
LD 6720
LD 6752
LD 6784
LD 6816
LD 6848
LD 6880
LD 6912
LD 6944
LD 6976
LD 7008
LD 7040
LD 7072
LD 7104
LD 7136
LD 7168
LD 7200
LD 7232
LD 7264
LD 7296
LD 7328
LD 7360
LD 7392
LD 7424
LD 7456
LD 7488
LD 7520
LD 7552
LD 7584
LD 7616
LD 7648
LD 7680
LD 7712
LD 7744
LD 7776
LD 7808
LD 7840
LD 7872
LD 7904
LD 7936
LD 7968
LD 8000
LD 8032
LD 8064
LD 8096
LD 8128
LD 8160
LD 8192
LD 8224
LD 8256
LD 8288
LD 8320
LD 8352
LD 8384
LD 8416
LD 8448
LD 8480
LD 8512
LD 8544
LD 8576
LD 8608
LD 8640
LD 8672
LD 8704
LD 8736
LD 8768
LD 8800
LD 8832
LD 8864
LD 8896
LD 8928
LD 8960
LD 8992
LD 9024
LD 9056
LD 9088
LD 9120
LD 9152
LD 9184
LD 9216
LD 9248
LD 9280
LD 9312
LD 9344
LD 9376
LD 9408
LD 9440
LD 9472
LD 9504
LD 9536
LD 9568
LD 9600
LD 9632
LD 9664
LD 9696
LD 9728
LD 9760
LD 9792
LD 9824
LD 9856
LD 9888
LD 9920
LD 9952
LD 9984
LD 10016
LD 10048
LD 10080
LD 10112
LD 10144
LD 10176
LD 10208
LD 10240
LD 10272
LD 10304
LD 10336
LD 10368
LD 10400
LD 10432
LD 10464
LD 10496
LD 10528
LD 10560
LD 10592
LD 10624
LD 10656
LD 10688
LD 10720
LD 10752
LD 10784
LD 10816
LD 10848
LD 10880
LD 10912
LD 10944
LD 10976
LD 11008
LD 11040
LD 11072
LD 11104
LD 11136
LD 11168
LD 11200
LD 11232
LD 11264
LD 11296
LD 11328
LD 11360
LD 11392
LD 11424
LD 11456
LD 11488
LD 11520
LD 11552
LD 11584
LD 11616
LD 11648
LD 11680
LD 11712
LD 11744
LD 11776
LD 11808
LD 11840
LD 11872
LD 11904
LD 11936
LD 11968
LD 12000
LD 12032
LD 12064
LD 12096
LD 12128
LD 12160
LD 12192
LD 12224
LD 12256
LD 12288
LD 12320
LD 12352
LD 12384
LD 12416
LD 12448
LD 12480
LD 12512
LD 12544
LD 12576
LD 12608
LD 12640
LD 12672
LD 12704
LD 12736
LD 12768
LD 12800
LD 12832
LD 12864
LD 12896
LD 12928
LD 12960
LD 12992
LD 13024
LD 13056
LD 13088
LD 13120
LD 13152
LD 13184
LD 13216
LD 13248
LD 13280
LD 13312
LD 13344
LD 13376
LD 13408
LD 13440
LD 13472
LD 13504
LD 13536
LD 13568
LD 13600
LD 13632
LD 13664
LD 13696
LD 13728
LD 13760
LD 13792
LD 13824
LD 13856
LD 13888
LD 13920
LD 13952
LD 13984
LD 14016
LD 14048
LD 14080
LD 14112
LD 14144
LD 14176
LD 14208
LD 14240
LD 14272
LD 14304
LD 14336
LD 14368
LD 14400
LD 14432
LD 14464
LD 14496
LD 14528
LD 14560
LD 14592
LD 14624
LD 14656
LD 14688
LD 14720
LD 14752
LD 14784
LD 14816
LD 14848
LD 14880
LD 14912
LD 14944
LD 14976
LD 15008
LD 15040
LD 15072
LD 15104
LD 15136
LD 15168
LD 15200
LD 15232
LD 15264
LD 15296
LD 15328
LD 15360
LD 15392
LD 15424
LD 15456
LD 15488
LD 15520
LD 15552
LD 15584
LD 15616
LD 15648
LD 15680
LD 15712
LD 15744
LD 15776
LD 15808
LD 15840
LD 15872
LD 15904
LD 15936
LD 15968
LD 16000
LD 16032
LD 16064
LD 16096
LD 16128
LD 16160
LD 16192
LD 16224
LD 16256
LD 16288
LD 16320
LD 16352
LD 16384
LD 16416
LD 16448
LD 16480
LD 16512
LD 16544
LD 16576
LD 16608
LD 16640
LD 16672
LD 16704
LD 16736
LD 16768
LD 16800
LD 16832
LD 16864
LD 16896
LD 16928
LD 16960
LD 16992
LD 17024
LD 17056
LD 17088
LD 17120
LD 17152
LD 17184
LD 17216
LD 17248
LD 17280
LD 17312
LD 17344
LD 17376
LD 17408
LD 17440
LD 17472
LD 17504
LD 17536
LD 17568
LD 17600
LD 17632
LD 17664
LD 17696
LD 17728
LD 17760
LD 17792
LD 17824
LD 17856
LD 17888
LD 17920
LD 17952
LD 17984
LD 18016
LD 18048
LD 18080
LD 18112
LD 18144
LD 18176
LD 18208
LD 18240
LD 18272
LD 18304
LD 18336
LD 18368
LD 18400
LD 18432
LD 18464
LD 18496
LD 18528
LD 18560
LD 18592
LD 18624
LD 18656
LD 18688
LD 18720
LD 18752
LD 18784
LD 18816
LD 18848
LD 18880
LD 18912
LD 18944
LD 18976
LD 19008
LD 19040
LD 19072
LD 19104
LD 19136
LD 19168
LD 19200
LD 19232
LD 19264
LD 19296
LD 19328
LD 19360
LD 19392
LD 19424
LD 19456
LD 19488
LD 19520
LD 19552
LD 19584
LD 19616
LD 19648
LD 19680
LD 19712
LD 19744
LD 19776
LD 19808
LD 19840
LD 19872
LD 19904
LD 19936
LD 19968
LD 20000
LD 20032
LD 20064
LD 20096
LD 20128
LD 20160
LD 20192
LD 20224
LD 20256
LD 20288
LD 20320
LD 20352
LD 20384
LD 20416
LD 20448
LD 20480
LD 20512
LD 20544
LD 20576
LD 20608
LD 20640
LD 20672
LD 20704
LD 20736
LD 20768
LD 20800
LD 20832
LD 20864
LD 20896
LD 20928
LD 20960
LD 20992
LD 21024
LD 21056
LD 21088
LD 21120
LD 21152
LD 21184
LD 21216
LD 21248
LD 21280
LD 21312
LD 21344
LD 21376
LD 21408
LD 21440
LD 21472
LD 21504
LD 21536
LD 21568
LD 21600
LD 21632
LD 21664
LD 21696
LD 21728
LD 21760
LD 21792
LD 21824
LD 21856
LD 21888
LD 21920
LD 21952
LD 21984
LD 22016
LD 22048
LD 22080
LD 22112
LD 22144
LD 22176
LD 22208
LD 22240
LD 22272
LD 22304
LD 22336
LD 22368
LD 22400
LD 22432
LD 22464
LD 22496
LD 22528
LD 22560
LD 22592
LD 22624
LD 22656
LD 22688
LD 22720
LD 22752
LD 22784
LD 22816
LD 22848
LD 22880
LD 22912
LD 22944
LD 22976
LD 23008
LD 23040
LD 23072
LD 23104
LD 23136
LD 23168
LD 23200
LD 23232
LD 23264
LD 23296
LD 23328
LD 23360
LD 23392
LD 23424
LD 23456
LD 23488
LD 23520
LD 23552
LD 23584
LD 23616
LD 23648
LD 23680
LD 23712
LD 23744
LD 23776
LD 23808
LD 23840
LD 23872
LD 23904
LD 23936
LD 23968
LD 24000
LD 24032
LD 24064
LD 24096
LD 24128
LD 24160
LD 24192
LD 24224
LD 24256
LD 24288
LD 24320
LD 24352
LD 24384
LD 24416
LD 24448
LD 24480
LD 24512
LD 24544
LD 24576
LD 24608
LD 24640
LD 24672
LD 24704
LD 24736
LD 24768
LD 24800
LD 24832
LD 24864
LD 24896
LD 24928
LD 24960
LD 24992
LD 25024
LD 25056
LD 25088
LD 25120
LD 25152
LD 25184
LD 25216
LD 25248
LD 25280
LD 25312
LD 25344
LD 25376
LD 25408
LD 25440
LD 25472
LD 25504
LD 25536
LD 25568
LD 25600
LD 25632
LD 25664
LD 25696
LD 25728
LD 25760
LD 25792
LD 25824
LD 25856
LD 25888
LD 25920
LD 25952
LD 25984
LD 26016
LD 26048
LD 26080
LD 26112
LD 26144
LD 26176
LD 26208
LD 26240
LD 26272
LD 26304
LD 26336
LD 26368
LD 26400
LD 26432
LD 26464
LD 26496
LD 26528
LD 26560
LD 26592
LD 26624
LD 26656
LD 26688
LD 26720
LD 26752
LD 26784
LD 26816
LD 26848
LD 26880
LD 26912
LD 26944
LD 26976
LD 27008
LD 27040
LD 27072
LD 27104
LD 27136
LD 27168
LD 27200
LD 27232
LD 27264
LD 27296
LD 27328
LD 27360
LD 27392
LD 27424
LD 27456
LD 27488
LD 27520
LD 27552
LD 27584
LD 27616
LD 27648
LD 27680
LD 27712
LD 27744
LD 27776
LD 27808
LD 27840
LD 27872
LD 27904
LD 27936
LD 27968
LD 28000
LD 28032
LD 28064
LD 28096
LD 28128
LD 28160
LD 28192
LD 28224
LD 28256
LD 28288
LD 28320
LD 28352
LD 28384
LD 28416
LD 28448
LD 28480
LD 28512
LD 28544
LD 28576
LD 28608
LD 28640
LD 28672
LD 28704
LD 28736
LD 28768
LD 28800
LD 28832
LD 28864
LD 28896
LD 28928
LD 28960
LD 28992
LD 29024
LD 29056
LD 29088
LD 29120
LD 29152
LD 29184
LD 29216
LD 29248
LD 29280
LD 29312
LD 29344
LD 29376
LD 29408
LD 29440
LD 29472
LD 29504
LD 29536
LD 29568
LD 29600
LD 29632
LD 29664
LD 29696
LD 29728
LD 29760
LD 29792
LD 29824
LD 29856
LD 29888
LD 29920
LD 29952
LD 29984
LD 30016
LD 30048
LD 30080
LD 30112
LD 30144
LD 30176
LD 30208
LD 30240
LD 30272
LD 30304
LD 30336
LD 30368
LD 30400
LD 30432
LD 30464
LD 30496
LD 30528
LD 30560
LD 30592
LD 30624
LD 30656
LD 30688
LD 30720
LD 30752
LD 30784
LD 30816
LD 30848
LD 30880
LD 30912
LD 30944
LD 30976
LD 31008
LD 31040
LD 31072
LD 31104
LD 31136
LD 31168
LD 31200
LD 31232
LD 31264
LD 31296
LD 31328
LD 31360
LD 31392
LD 31424
LD 31456
LD 31488
LD 31520
LD 31552
LD 31584
LD 31616
LD 31648
LD 31680
LD 31712
LD 31744
LD 31776
LD 31808
LD 31840
LD 31872
LD 31904
LD 31936
LD 31968
LD 32000
LD 32032
LD 32064
LD 32096
LD 32128
LD 32160
LD 32192
LD 32224
LD 32256
LD 32288
LD 32320
LD 32352
LD 32384
LD 32416
LD 32448
LD 32480
LD 32512
LD 32544
LD 32576
LD 32608
LD 32640
LD 32672
LD 32704
LD 32736
LD 32768
LD 32800
LD 32832
LD 32864
LD 32896
LD 32928
LD 32960
LD 32992
LD 33024
LD 33056
LD 33088
LD 33120
LD 33152
LD 33184
LD 33216
LD 33248
LD 33280
LD 33312
LD 33344
LD 33376
LD 33408
LD 33440
LD 33472
LD 33504
LD 33536
LD 33568
LD 33600
LD 33632
LD 33664
LD 33696
LD 33728
LD 33760
LD 33792
LD 33824
LD 33856
LD 33888
LD 33920
LD 33952
LD 33984
LD 34016
LD 34048
LD 34080
LD 34112
LD 34144
LD 34176
LD 34208
LD 34240
LD 34272
LD 34304
LD 34336
LD 34368
LD 34400
LD 34432
LD 34464
LD 34496
LD 34528
LD 34560
LD 34592
LD 34624
LD 34656
LD 34688
LD 34720
LD 34752
LD 34784
LD 34816
LD 34848
LD 34880
LD 34912
LD 34944
LD 34976
LD 35008
LD 35040
LD 35072
LD 35104
LD 35136
LD 35168
LD 35200
LD 35232
LD 35264
LD 35296
LD 35328
LD 35360
LD 35392
LD 35424
LD 35456
LD 35488
LD 35520
LD 35552
LD 35584
LD 35616
LD 35648
LD 35680
LD 35712
LD 35744
LD 35776
LD 35808
LD 35840
LD 35872
LD 35904
LD 35936
LD 35968
LD 36000
LD 36032
LD 36064
LD 36096
LD 36128
LD 36160
LD 36192
LD 36224
LD 36256
LD 36288
LD 36320
LD 36352
LD 36384
LD 36416
LD 36448
LD 36480
LD 36512
LD 36544
LD 36576
LD 36608
LD 36640
LD 36672
LD 36704
LD 36736
LD 36768
LD 36800
LD 36832
LD 36864
LD 36896
LD 36928
LD 36960
LD 36992
LD 37024
LD 37056
LD 37088
LD 37120
LD 37152
LD 37184
LD 37216
LD 37248
LD 37280
LD 37312
LD 37344
LD 37376
LD 37408
LD 37440
LD 37472
LD 37504
LD 37536
LD 37568
LD 37600
LD 37632
LD 37664
LD 37696
LD 37728
LD 37760
LD 37792
LD 37824
LD 37856
LD 37888
LD 37920
LD 37952
LD 37984
LD 38016
LD 38048
LD 38080
LD 38112
LD 38144
LD 38176
LD 38208
LD 38240
LD 38272
LD 38304
LD 38336
LD 38368
LD 38400
LD 38432
LD 38464
LD 38496
LD 38528
LD 38560
LD 38592
LD 38624
LD 38656
LD 38688
LD 38720
LD 38752
LD 38784
LD 38816
LD 38848
LD 38880
LD 38912
LD 38944
LD 38976
LD 39008
LD 39040
LD 39072
LD 39104
LD 39136
LD 39168
LD 39200
LD 39232
LD 39264
LD 39296
LD 39328
LD 39360
LD 39392
LD 39424
LD 39456
LD 39488
LD 39520
LD 39552
LD 39584
LD 39616
LD 39648
LD 39680
LD 39712
LD 39744
LD 39776
LD 39808
LD 39840
LD 39872
LD 39904
LD 39936
LD 39968
LD 40000
LD 40032
LD 40064
LD 40096
LD 40128
LD 40160
LD 40192
LD 40224
LD 40256
LD 40288
LD 40320
LD 40352
LD 40384
LD 40416
LD 40448
LD 40480
LD 40512
LD 40544
LD 40576
LD 40608
LD 40640
LD 40672
LD 40704
LD 40736
LD 40768
LD 40800
LD 40832
LD 40864
LD 40896
LD 40928
LD 40960
LD 40992
LD 41024
LD 41056
LD 41088
LD 41120
LD 41152
LD 41184
LD 41216
LD 41248
LD 41280
LD 41312
LD 41344
LD 41376
LD 41408
LD 41440
LD 41472
LD 41504
LD 41536
LD 41568
LD 41600
LD 41632
LD 41664
LD 41696
LD 41728
LD 41760
LD 41792
LD 41824
LD 41856
LD 41888
LD 41920
LD 41952
LD 41984
LD 42016
LD 42048
LD 42080
LD 42112
LD 42144
LD 42176
LD 42208
LD 42240
LD 42272
LD 42304
LD 42336
LD 42368
LD 42400
LD 42432
LD 42464
LD 42496
LD 42528
LD 42560
LD 42592
LD 42624
LD 42656
LD 42688
LD 42720
LD 42752
LD 42784
LD 42816
LD 42848
LD 42880
LD 42912
LD 42944
LD 42976
LD 43008
LD 43040
LD 43072
LD 43104
LD 43136
LD 43168
LD 43200
LD 43232
LD 43264
LD 43296
LD 43328
LD 43360
LD 43392
LD 43424
LD 43456
LD 43488
LD 43520
LD 43552
LD 43584
LD 43616
LD 43648
LD 43680
LD 43712
LD 43744
LD 43776
LD 43808
LD 43840
LD 43872
LD 43904
LD 43936
LD 43968
LD 44000
LD 44032
LD 44064
LD 44096
LD 44128
LD 44160
LD 44192
LD 44224
LD 44256
LD 44288
LD 44320
LD 44352
LD 44384
LD 44416
LD 44448
LD 44480
LD 44512
LD 44544
LD 44576
LD 44608
LD 44640
LD 44672
LD 44704
LD 44736
LD 44768
LD 44800
LD 44832
LD 44864
LD 44896
LD 44928
LD 44960
LD 44992
LD 45024
LD 45056
LD 45088
LD 45120
LD 45152
LD 45184
LD 45216
LD 45248
LD 45280
LD 45312
LD 45344
LD 45376
LD 45408
LD 45440
LD 45472
LD 45504
LD 45536
LD 45568
LD 45600
LD 45632
LD 45664
LD 45696
LD 45728
LD 45760
LD 45792
LD 45824
LD 45856
LD 45888
LD 45920
LD 45952
LD 45984
LD 46016
LD 46048
LD 46080
LD 46112
LD 46144
LD 46176
LD 46208
LD 46240
LD 46272
LD 46304
LD 46336
LD 46368
LD 46400
LD 46432
LD 46464
LD 46496
LD 46528
LD 46560
LD 46592
LD 46624
LD 46656
LD 46688
LD 46720
LD 46752
LD 46784
LD 46816
LD 46848
LD 46880
LD 46912
LD 46944
LD 46976
LD 47008
LD 47040
LD 47072
LD 47104
LD 47136
LD 47168
LD 47200
LD 47232
LD 47264
LD 47296
LD 47328
LD 47360
LD 47392
LD 47424
LD 47456
LD 47488
LD 47520
LD 47552
LD 47584
LD 47616
LD 47648
LD 47680
LD 47712
LD 47744
LD 47776
LD 47808
LD 47840
LD 47872
LD 47904
LD 47936
LD 47968
LD 48000
LD 48032
LD 48064
LD 48096
LD 48128
LD 48160
LD 48192
LD 48224
LD 48256
LD 48288
LD 48320
LD 48352
LD 48384
LD 48416
LD 48448
LD 48480
LD 48512
LD 48544
LD 48576
LD 48608
LD 48640
LD 48672
LD 48704
LD 48736
LD 48768
LD 48800
LD 48832
LD 48864
LD 48896
LD 48928
LD 48960
LD 48992
LD 49024
LD 49056
LD 49088
LD 49120
LD 49152
LD 49184
LD 49216
LD 49248
LD 49280
LD 49312
LD 49344
LD 49376
LD 49408
LD 49440
LD 49472
LD 49504
LD 49536
LD 49568
LD 49600
LD 49632
LD 49664
LD 49696
LD 49728
LD 49760
LD 49792
LD 49824
LD 49856
LD 49888
LD 49920
LD 49952
LD 49984
LD 50016
LD 50048
LD 50080
LD 50112
LD 50144
LD 50176
LD 50208
LD 50240
LD 50272
LD 50304
LD 50336
LD 50368
LD 50400
LD 50432
LD 50464
LD 50496
LD 50528
LD 50560
LD 50592
LD 50624
LD 50656
LD 50688
LD 50720
LD 50752
LD 50784
LD 50816
LD 50848
LD 50880
LD 50912
LD 50944
LD 50976
LD 51008
LD 51040
LD 51072
LD 51104
LD 51136
LD 51168
LD 51200
LD 51232
LD 51264
LD 51296
LD 51328
LD 51360
LD 51392
LD 51424
LD 51456
LD 51488
LD 51520
LD 51552
LD 51584
LD 51616
LD 51648
LD 51680
LD 51712
LD 51744
LD 51776
LD 51808
LD 51840
LD 51872
LD 51904
LD 51936
LD 51968
LD 52000
LD 52032
LD 52064
LD 52096
LD 52128
LD 52160
LD 52192
LD 52224
LD 52256
LD 52288
LD 52320
LD 52352
LD 52384
LD 52416
LD 52448
LD 52480
LD 52512
LD 52544
LD 52576
LD 52608
LD 52640
LD 52672
LD 52704
LD 52736
LD 52768
LD 52800
LD 52832
LD 52864
LD 52896
LD 52928
LD 52960
LD 52992
LD 53024
LD 53056
LD 53088
LD 53120
LD 53152
LD 53184
LD 53216
LD 53248
LD 53280
LD 53312
LD 53344
LD 53376
LD 53408
LD 53440
LD 53472
LD 53504
LD 53536
LD 53568
LD 53600
LD 53632
LD 53664
LD 53696
LD 53728
LD 53760
LD 53792
LD 53824
LD 53856
LD 53888
LD 53920
LD 53952
LD 53984
LD 54016
LD 54048
LD 54080
LD 54112
LD 54144
LD 54176
LD 54208
LD 54240
LD 54272
LD 54304
LD 54336
LD 54368
LD 54400
LD 54432
LD 54464
LD 54496
LD 54528
LD 54560
LD 54592
LD 54624
LD 54656
LD 54688
LD 54720
LD 54752
LD 54784
LD 54816
LD 54848
LD 54880
LD 54912
LD 54944
LD 54976
LD 55008
LD 55040
LD 55072
LD 55104
LD 55136
LD 55168
LD 55200
LD 55232
LD 55264
LD 55296
LD 55328
LD 55360
LD 55392
LD 55424
LD 55456
LD 55488
LD 55520
LD 55552
LD 55584
LD 55616
LD 55648
LD 55680
LD 55712
LD 55744
LD 55776
LD 55808
LD 55840
LD 55872
LD 55904
LD 55936
LD 55968
LD 56000
LD 56032
LD 56064
LD 56096
LD 56128
LD 56160
LD 56192
LD 56224
LD 56256
LD 56288
LD 56320
LD 56352
LD 56384
LD 56416
LD 56448
LD 56480
LD 56512
LD 56544
LD 56576
LD 56608
LD 56640
LD 56672
LD 56704
LD 56736
LD 56768
LD 56800
LD 56832
LD 56864
LD 56896
LD 56928
LD 56960
LD 56992
LD 57024
LD 57056
LD 57088
LD 57120
LD 57152
LD 57184
LD 57216
LD 57248
LD 57280
LD 57312
LD 57344
LD 57376
LD 57408
LD 57440
LD 57472
LD 57504
LD 57536
LD 57568
LD 57600
LD 57632
LD 57664
LD 57696
LD 57728
LD 57760
LD 57792
LD 57824
LD 57856
LD 57888
LD 57920
LD 57952
LD 57984
LD 58016
LD 58048
LD 58080
LD 58112
LD 58144
LD 58176
LD 58208
LD 58240
LD 58272
LD 58304
LD 58336
LD 58368
LD 58400
LD 58432
LD 58464
LD 58496
LD 58528
LD 58560
LD 58592
LD 58624
LD 58656
LD 58688
LD 58720
LD 58752
LD 58784
LD 58816
LD 58848
LD 58880
LD 58912
LD 58944
LD 58976
LD 59008
LD 59040
LD 59072
LD 59104
LD 59136
LD 59168
LD 59200
LD 59232
LD 59264
LD 59296
LD 59328
LD 59360
LD 59392
LD 59424
LD 59456
LD 59488
LD 59520
LD 59552
LD 59584
LD 59616
LD 59648
LD 59680
LD 59712
LD 59744
LD 59776
LD 59808
LD 59840
LD 59872
LD 59904
LD 59936
LD 59968
LD 60000
LD 60032
LD 60064
LD 60096
LD 60128
LD 60160
LD 60192
LD 60224
LD 60256
LD 60288
LD 60320
LD 60352
LD 60384
LD 60416
LD 60448
LD 60480
LD 60512
LD 60544
LD 60576
LD 60608
LD 60640
LD 60672
LD 60704
LD 60736
LD 60768
LD 60800
LD 60832
LD 60864
LD 60896
LD 60928
LD 60960
LD 60992
LD 61024
LD 61056
LD 61088
LD 61120
LD 61152
LD 61184
LD 61216
LD 61248
LD 61280
LD 61312
LD 61344
LD 61376
LD 61408
LD 61440
LD 61472
LD 61504
LD 61536
LD 61568
LD 61600
LD 61632
LD 61664
LD 61696
LD 61728
LD 61760
LD 61792
LD 61824
LD 61856
LD 61888
LD 61920
LD 61952
LD 61984
LD 62016
LD 62048
LD 62080
LD 62112
LD 62144
LD 62176
LD 62208
LD 62240
LD 62272
LD 62304
LD 62336
LD 62368
LD 62400
LD 62432
LD 62464
LD 62496
LD 62528
LD 62560
LD 62592
LD 62624
LD 62656
LD 62688
LD 62720
LD 62752
LD 62784
LD 62816
LD 62848
LD 62880
LD 62912
LD 62944
LD 62976
LD 63008
LD 63040
LD 63072
LD 63104
LD 63136
LD 63168
LD 63200
LD 63232
LD 63264
LD 63296
LD 63328
LD 63360
LD 63392
LD 63424
LD 63456
LD 63488
LD 63520
LD 63552
LD 63584
LD 63616
LD 63648
LD 63680
LD 63712
LD 63744
LD 63776
LD 63808
LD 63840
LD 63872
LD 63904
LD 63936
LD 63968
LD 64000
LD 64032
LD 64064
LD 64096
LD 64128
LD 64160
LD 64192
LD 64224
LD 64256
LD 64288
LD 64320
LD 64352
LD 64384
LD 64416
LD 64448
LD 64480
LD 64512
LD 64544
LD 64576
LD 64608
LD 64640
LD 64672
LD 64704
LD 64736
LD 64768
LD 64800
LD 64832
LD 64864
LD 64896
LD 64928
LD 64960
LD 64992
LD 65024
LD 65056
LD 65088
LD 65120
LD 65152
LD 65184
LD 65216
LD 65248
LD 65280
LD 65312
LD 65344
LD 65376
LD 65408
LD 65440
LD 65472
LD 65504
LD 65536
LD 65568
LD 65600
LD 65632
LD 65664
LD 65696
LD 65728
LD 65760
LD 65792
LD 65824
LD 65856
LD 65888
LD 65920
LD 65952
LD 65984
LD 66016
LD 66048
LD 66080
LD 66112
LD 66144
LD 66176
LD 66208
LD 66240
LD 66272
LD 66304
LD 66336
LD 66368
LD 66400
LD 66432
LD 66464
LD 66496
LD 66528
LD 66560
LD 66592
LD 66624
LD 66656
LD 66688
LD 66720
LD 66752
LD 66784
LD 66816
LD 66848
LD 66880
LD 66912
LD 66944
LD 66976
LD 67008
LD 67040
LD 67072
LD 67104
LD 67136
LD 67168
LD 67200
LD 67232
LD 67264
LD 67296
LD 67328
LD 67360
LD 67392
LD 67424
LD 67456
LD 67488
LD 67520
LD 67552
LD 67584
LD 67616
LD 67648
LD 67680
LD 67712
LD 67744
LD 67776
LD 67808
LD 67840
LD 67872
LD 67904
LD 67936
LD 67968
LD 68000
LD 68032
LD 68064
LD 68096
LD 68128
LD 68160
LD 68192
LD 68224
LD 68256
LD 68288
LD 68320
LD 68352
LD 68384
LD 68416
LD 68448
LD 68480
LD 68512
LD 68544
LD 68576
LD 68608
LD 68640
LD 68672
LD 68704
LD 68736
LD 68768
LD 68800
LD 68832
LD 68864
LD 68896
LD 68928
LD 68960
LD 68992
LD 69024
LD 69056
LD 69088
LD 69120
LD 69152
LD 69184
LD 69216
LD 69248
LD 69280
LD 69312
LD 69344
LD 69376
LD 69408
LD 69440
LD 69472
LD 69504
LD 69536
LD 69568
LD 69600
LD 69632
LD 69664
LD 69696
LD 69728
LD 69760
LD 69792
LD 69824
LD 69856
LD 69888
LD 69920
LD 69952
LD 69984
LD 70016
LD 70048
LD 70080
LD 70112
LD 70144
LD 70176
LD 70208
LD 70240
LD 70272
LD 70304
LD 70336
LD 70368
LD 70400
LD 70432
LD 70464
LD 70496
LD 70528
LD 70560
LD 70592
LD 70624
LD 70656
LD 70688
LD 70720
LD 70752
LD 70784
LD 70816
LD 70848
LD 70880
LD 70912
LD 70944
LD 70976
LD 71008
LD 71040
LD 71072
LD 71104
LD 71136
LD 71168
LD 71200
LD 71232
LD 71264
LD 71296
LD 71328
LD 71360
LD 71392
LD 71424
LD 71456
LD 71488
LD 71520
LD 71552
LD 71584
LD 71616
LD 71648
LD 71680
LD 71712
LD 71744
LD 71776
LD 71808
LD 71840
LD 71872
LD 71904
LD 71936
LD 71968
LD 72000
LD 72032
LD 72064
LD 72096
LD 72128
LD 72160
LD 72192
LD 72224
LD 72256
LD 72288
LD 72320
LD 72352
LD 72384
LD 72416
LD 72448
LD 72480
LD 72512
LD 72544
LD 72576
LD 72608
LD 72640
LD 72672
LD 72704
LD 72736
LD 72768
LD 72800
LD 72832
LD 72864
LD 72896
LD 72928
LD 72960
LD 72992
LD 73024
LD 73056
LD 73088
LD 73120
LD 73152
LD 73184
LD 73216
LD 73248
LD 73280
LD 73312
LD 73344
LD 73376
LD 73408
LD 73440
LD 73472
LD 73504
LD 73536
LD 73568
LD 73600
LD 73632
LD 73664
LD 73696
LD 73728
LD 73760
LD 73792
LD 73824
LD 73856
LD 73888
LD 73920
LD 73952
LD 73984
LD 74016
LD 74048
LD 74080
LD 74112
LD 74144
LD 74176
LD 74208
LD 74240
LD 74272
LD 74304
LD 74336
LD 74368
LD 74400
LD 74432
LD 74464
LD 74496
LD 74528
LD 74560
LD 74592
LD 74624
LD 74656
LD 74688
LD 74720
LD 74752
LD 74784
LD 74816
LD 74848
LD 74880
LD 74912
LD 74944
LD 74976
LD 75008
LD 75040
LD 75072
LD 75104
LD 75136
LD 75168
LD 75200
LD 75232
LD 75264
LD 75296
LD 75328
LD 75360
LD 75392
LD 75424
LD 75456
LD 75488
LD 75520
LD 75552
LD 75584
LD 75616
LD 75648
LD 75680
LD 75712
LD 75744
LD 75776
LD 75808
LD 75840
LD 75872
LD 75904
LD 75936
LD 75968
LD 76000
LD 76032
LD 76064
LD 76096
LD 76128
LD 76160
LD 76192
LD 76224
LD 76256
LD 76288
LD 76320
LD 76352
LD 76384
LD 76416
LD 76448
LD 76480
LD 76512
LD 76544
LD 76576
LD 76608
LD 76640
LD 76672
LD 76704
LD 76736
LD 76768
LD 76800
LD 76832
LD 76864
LD 76896
LD 76928
LD 76960
LD 76992
LD 77024
LD 77056
LD 77088
LD 77120
LD 77152
LD 77184
LD 77216
LD 77248
LD 77280
LD 77312
LD 77344
LD 77376
LD 77408
LD 77440
LD 77472
LD 77504
LD 77536
LD 77568
LD 77600
LD 77632
LD 77664
LD 77696
LD 77728
LD 77760
LD 77792
LD 77824
LD 77856
LD 77888
LD 77920
LD 77952
LD 77984
LD 78016
LD 78048
LD 78080
LD 78112
LD 78144
LD 78176
LD 78208
LD 78240
LD 78272
LD 78304
LD 78336
LD 78368
LD 78400
LD 78432
LD 78464
LD 78496
LD 78528
LD 78560
LD 78592
LD 78624
LD 78656
LD 78688
LD 78720
LD 78752
LD 78784
LD 78816
LD 78848
LD 78880
LD 78912
LD 78944
LD 78976
LD 79008
LD 79040
LD 79072
LD 79104
LD 79136
LD 79168
LD 79200
LD 79232
LD 79264
LD 79296
LD 79328
LD 79360
LD 79392
LD 79424
LD 79456
LD 79488
LD 79520
LD 79552
LD 79584
LD 79616
LD 79648
LD 79680
LD 79712
LD 79744
LD 79776
LD 79808
LD 79840
LD 79872
LD 79904
LD 79936
LD 79968
LD 80000
LD 80032
LD 80064
LD 80096
LD 80128
LD 80160
LD 80192
LD 80224
LD 80256
LD 80288
LD 80320
LD 80352
LD 80384
LD 80416
LD 80448
LD 80480
LD 80512
LD 80544
LD 80576
LD 80608
LD 80640
LD 80672
LD 80704
LD 80736
LD 80768
LD 80800
LD 80832
LD 80864
LD 80896
LD 80928
LD 80960
LD 80992
LD 81024
LD 81056
LD 81088
LD 81120
LD 81152
LD 81184
LD 81216
LD 81248
LD 81280
LD 81312
LD 81344
LD 81376
LD 81408
LD 81440
LD 81472
LD 81504
LD 81536
LD 81568
LD 81600
LD 81632
LD 81664
LD 81696
LD 81728
LD 81760
LD 81792
LD 81824
LD 81856
LD 81888
LD 81920
LD 81952
LD 81984
LD 82016
LD 82048
LD 82080
LD 82112
LD 82144
LD 82176
LD 82208
LD 82240
LD 82272
LD 82304
LD 82336
LD 82368
LD 82400
LD 82432
LD 82464
LD 82496
LD 82528
LD 82560
LD 82592
LD 82624
LD 82656
LD 82688
LD 82720
LD 82752
LD 82784
LD 82816
LD 82848
LD 82880
LD 82912
LD 82944
LD 82976
LD 83008
LD 83040
LD 83072
LD 83104
LD 83136
LD 83168
LD 83200
LD 83232
LD 83264
LD 83296
LD 83328
LD 83360
LD 83392
LD 83424
LD 83456
LD 83488
LD 83520
LD 83552
LD 83584
LD 83616
LD 83648
LD 83680
LD 83712
LD 83744
LD 83776
LD 83808
LD 83840
LD 83872
LD 83904
LD 83936
LD 83968
LD 84000
LD 84032
LD 84064
LD 84096
LD 84128
LD 84160
LD 84192
LD 84224
LD 84256
LD 84288
LD 84320
LD 84352
LD 84384
LD 84416
LD 84448
LD 84480
LD 84512
LD 84544
LD 84576
LD 84608
LD 84640
LD 84672
LD 84704
LD 84736
LD 84768
LD 84800
LD 84832
LD 84864
LD 84896
LD 84928
LD 84960
LD 84992
LD 85024
LD 85056
LD 85088
LD 85120
LD 85152
LD 85184
LD 85216
LD 85248
LD 85280
LD 85312
LD 85344
LD 85376
LD 85408
LD 85440
LD 85472
LD 85504
LD 85536
LD 85568
LD 85600
LD 85632
LD 85664
LD 85696
LD 85728
LD 85760
LD 85792
LD 85824
LD 85856
LD 85888
LD 85920
LD 85952
LD 85984
LD 86016
LD 86048
LD 86080
LD 86112
LD 86144
LD 86176
LD 86208
LD 86240
LD 86272
LD 86304
LD 86336
LD 86368
LD 86400
LD 86432
LD 86464
LD 86496
LD 86528
LD 86560
LD 86592
LD 86624
LD 86656
LD 86688
LD 86720
LD 86752
LD 86784
LD 86816
LD 86848
LD 86880
LD 86912
LD 86944
LD 86976
LD 87008
LD 87040
LD 87072
LD 87104
LD 87136
LD 87168
LD 87200
LD 87232
LD 87264
LD 87296
LD 87328
LD 87360
LD 87392
LD 87424
LD 87456
LD 87488
LD 87520
LD 87552
LD 87584
LD 87616
LD 87648
LD 87680
LD 87712
LD 87744
LD 87776
LD 87808
LD 87840
LD 87872
LD 87904
LD 87936
LD 87968
LD 88000
LD 88032
LD 88064
LD 88096
LD 88128
LD 88160
LD 88192
LD 88224
LD 88256
LD 88288
LD 88320
LD 88352
LD 88384
LD 88416
LD 88448
LD 88480
LD 88512
LD 88544
LD 88576
LD 88608
LD 88640
LD 88672
LD 88704
LD 88736
LD 88768
LD 88800
LD 88832
LD 88864
LD 88896
LD 88928
LD 88960
LD 88992
LD 89024
LD 89056
LD 89088
LD 89120
LD 89152
LD 89184
LD 89216
LD 89248
LD 89280
LD 89312
LD 89344
LD 89376
LD 89408
LD 89440
LD 89472
LD 89504
LD 89536
LD 89568
LD 89600
LD 89632
LD 89664
LD 89696
LD 89728
LD 89760
LD 89792
LD 89824
LD 89856
LD 89888
LD 89920
LD 89952
LD 89984
LD 90016
LD 90048
LD 90080
LD 90112
LD 90144
LD 90176
LD 90208
LD 90240
LD 90272
LD 90304
LD 90336
LD 90368
LD 90400
LD 90432
LD 90464
LD 90496
LD 90528
LD 90560
LD 90592
LD 90624
LD 90656
LD 90688
LD 90720
LD 90752
LD 90784
LD 90816
LD 90848
LD 90880
LD 90912
LD 90944
LD 90976
LD 91008
LD 91040
LD 91072
LD 91104
LD 91136
LD 91168
LD 91200
LD 91232
LD 91264
LD 91296
LD 91328
LD 91360
LD 91392
LD 91424
LD 91456
LD 91488
LD 91520
LD 91552
LD 91584
LD 91616
LD 91648
LD 91680
LD 91712
LD 91744
LD 91776
LD 91808
LD 91840
LD 91872
LD 91904
LD 91936
LD 91968
LD 92000
LD 92032
LD 92064
LD 92096
LD 92128
LD 92160
LD 92192
LD 92224
LD 92256
LD 92288
LD 92320
LD 92352
LD 92384
LD 92416
LD 92448
LD 92480
LD 92512
LD 92544
LD 92576
LD 92608
LD 92640
LD 92672
LD 92704
LD 92736
LD 92768
LD 92800
LD 92832
LD 92864
LD 92896
LD 92928
LD 92960
LD 92992
LD 93024
LD 93056
LD 93088
LD 93120
LD 93152
LD 93184
LD 93216
LD 93248
LD 93280
LD 93312
LD 93344
LD 93376
LD 93408
LD 93440
LD 93472
LD 93504
LD 93536
LD 93568
LD 93600
LD 93632
LD 93664
LD 93696
LD 93728
LD 93760
LD 93792
LD 93824
LD 93856
LD 93888
LD 93920
LD 93952
LD 93984
LD 94016
LD 94048
LD 94080
LD 94112
LD 94144
LD 94176
LD 94208
LD 94240
LD 94272
LD 94304
LD 94336
LD 94368
LD 94400
LD 94432
LD 94464
LD 94496
LD 94528
LD 94560
LD 94592
LD 94624
LD 94656
LD 94688
LD 94720
LD 94752
LD 94784
LD 94816
LD 94848
LD 94880
LD 94912
LD 94944
LD 94976
LD 95008
LD 95040
LD 95072
LD 95104
LD 95136
LD 95168
LD 95200
LD 95232
LD 95264
LD 95296
LD 95328
LD 95360
LD 95392
LD 95424
LD 95456
LD 95488
LD 95520
LD 95552
LD 95584
LD 95616
LD 95648
LD 95680
LD 95712
LD 95744
LD 95776
LD 95808
LD 95840
LD 95872
LD 95904
LD 95936
LD 95968
LD 96000
LD 96032
LD 96064
LD 96096
LD 96128
LD 96160
LD 96192
LD 96224
LD 96256
LD 96288
LD 96320
LD 96352
LD 96384
LD 96416
LD 96448
LD 96480
LD 96512
LD 96544
LD 96576
LD 96608
LD 96640
LD 96672
LD 96704
LD 96736
LD 96768
LD 96800
LD 96832
LD 96864
LD 96896
LD 96928
LD 96960
LD 96992
LD 97024
LD 97056
LD 97088
LD 97120
LD 97152
LD 97184
LD 97216
LD 97248
LD 97280
LD 97312
LD 97344
LD 97376
LD 97408
LD 97440
LD 97472
LD 97504
LD 97536
LD 97568
LD 97600
LD 97632
LD 97664
LD 97696
LD 97728
LD 97760
LD 97792
LD 97824
LD 97856
LD 97888
LD 97920
LD 97952
LD 97984
LD 98016
LD 98048
LD 98080
LD 98112
LD 98144
LD 98176
LD 98208
LD 98240
LD 98272
LD 98304
LD 98336
LD 98368
LD 98400
LD 98432
LD 98464
LD 98496
LD 98528
LD 98560
LD 98592
LD 98624
LD 98656
LD 98688
LD 98720
LD 98752
LD 98784
LD 98816
LD 98848
LD 98880
LD 98912
LD 98944
LD 98976
LD 99008
LD 99040
LD 99072
LD 99104
LD 99136
LD 99168
LD 99200
LD 99232
LD 99264
LD 99296
LD 99328
LD 99360
LD 99392
LD 99424
LD 99456
LD 99488
LD 99520
LD 99552
LD 99584
LD 99616
LD 99648
LD 99680
LD 99712
LD 99744
LD 99776
LD 99808
LD 99840
LD 99872
LD 99904
LD 99936
LD 99968
LD 100000
LD 100032
LD 100064
LD 100096
LD 100128
LD 100160
LD 100192
LD 100224
LD 100256
LD 100288
LD 100320
LD 100352
LD 100384
LD 100416
LD 100448
LD 100480
LD 100512
LD 100544
LD 100576
LD 100608
LD 100640
LD 100672
LD 100704
LD 100736
LD 100768
LD 100800
LD 100832
LD 100864
LD 100896
LD 100928
LD 100960
LD 100992
LD 101024
LD 101056
LD 101088
LD 101120
LD 101152
LD 101184
LD 101216
LD 101248
LD 101280
LD 101312
LD 101344
LD 101376
LD 101408
LD 101440
LD 101472
LD 101504
LD 101536
LD 101568
LD 101600
LD 101632
LD 101664
LD 101696
LD 101728
LD 101760
LD 101792
LD 101824
LD 101856
LD 101888
LD 101920
LD 101952
LD 101984
LD 102016
LD 102048
LD 102080
LD 102112
LD 102144
LD 102176
LD 102208
LD 102240
LD 102272
LD 102304
LD 102336
LD 102368
LD 102400
LD 102432
LD 102464
LD 102496
LD 102528
LD 102560
LD 102592
LD 102624
LD 102656
LD 102688
LD 102720
LD 102752
LD 102784
LD 102816
LD 102848
LD 102880
LD 102912
LD 102944
LD 102976
LD 103008
LD 103040
LD 103072
LD 103104
LD 103136
LD 103168
LD 103200
LD 103232
LD 103264
LD 103296
LD 103328
LD 103360
LD 103392
LD 103424
LD 103456
LD 103488
LD 103520
LD 103552
LD 103584
LD 103616
LD 103648
LD 103680
LD 103712
LD 103744
LD 103776
LD 103808
LD 103840
LD 103872
LD 103904
LD 103936
LD 103968
LD 104000
LD 104032
LD 104064
LD 104096
LD 104128
LD 104160
LD 104192
LD 104224
LD 104256
LD 104288
LD 104320
LD 104352
LD 104384
LD 104416
LD 104448
LD 104480
LD 104512
LD 104544
LD 104576
LD 104608
LD 104640
LD 104672
LD 104704
LD 104736
LD 104768
LD 104800
LD 104832
LD 104864
LD 104896
LD 104928
LD 104960
LD 104992
LD 105024
LD 105056
LD 105088
LD 105120
LD 105152
LD 105184
LD 105216
LD 105248
LD 105280
LD 105312
LD 105344
LD 105376
LD 105408
LD 105440
LD 105472
LD 105504
LD 105536
LD 105568
LD 105600
LD 105632
LD 105664
LD 105696
LD 105728
LD 105760
LD 105792
LD 105824
LD 105856
LD 105888
LD 105920
LD 105952
LD 105984
LD 106016
LD 106048
LD 106080
LD 106112
LD 106144
LD 106176
LD 106208
LD 106240
LD 106272
LD 106304
LD 106336
LD 106368
LD 106400
LD 106432
LD 106464
LD 106496
LD 106528
LD 106560
LD 106592
LD 106624
LD 106656
LD 106688
LD 106720
LD 106752
LD 106784
LD 106816
LD 106848
LD 106880
LD 106912
LD 106944
LD 106976
LD 107008
LD 107040
LD 107072
LD 107104
LD 107136
LD 107168
LD 107200
LD 107232
LD 107264
LD 107296
LD 107328
LD 107360
LD 107392
LD 107424
LD 107456
LD 107488
LD 107520
LD 107552
LD 107584
LD 107616
LD 107648
LD 107680
LD 107712
LD 107744
LD 107776
LD 107808
LD 107840
LD 107872
LD 107904
LD 107936
LD 107968
LD 108000
LD 108032
LD 108064
LD 108096
LD 108128
LD 108160
LD 108192
LD 108224
LD 108256
LD 108288
LD 108320
LD 108352
LD 108384
LD 108416
LD 108448
LD 108480
LD 108512
LD 108544
LD 108576
LD 108608
LD 108640
LD 108672
LD 108704
LD 108736
LD 108768
LD 108800
LD 108832
LD 108864
LD 108896
LD 108928
LD 108960
LD 108992
LD 109024
LD 109056
LD 109088
LD 109120
LD 109152
LD 109184
LD 109216
LD 109248
LD 109280
LD 109312
LD 109344
LD 109376
LD 109408
LD 109440
LD 109472
LD 109504
LD 109536
LD 109568
LD 109600
LD 109632
LD 109664
LD 109696
LD 109728
LD 109760
LD 109792
LD 109824
LD 109856
LD 109888
LD 109920
LD 109952
LD 109984
LD 110016
LD 110048
LD 110080
LD 110112
LD 110144
LD 110176
LD 110208
LD 110240
LD 110272
LD 110304
LD 110336
LD 110368
LD 110400
LD 110432
LD 110464
LD 110496
LD 110528
LD 110560
LD 110592
LD 110624
LD 110656
LD 110688
LD 110720
LD 110752
LD 110784
LD 110816
LD 110848
LD 110880
LD 110912
LD 110944
LD 110976
LD 111008
LD 111040
LD 111072
LD 111104
LD 111136
LD 111168
LD 111200
LD 111232
LD 111264
LD 111296
LD 111328
LD 111360
LD 111392
LD 111424
LD 111456
LD 111488
LD 111520
LD 111552
LD 111584
LD 111616
LD 111648
LD 111680
LD 111712
LD 111744
LD 111776
LD 111808
LD 111840
LD 111872
LD 111904
LD 111936
LD 111968
LD 112000
LD 112032
LD 112064
LD 112096
LD 112128
LD 112160
LD 112192
LD 112224
LD 112256
LD 112288
LD 112320
LD 112352
LD 112384
LD 112416
LD 112448
LD 112480
LD 112512
LD 112544
LD 112576
LD 112608
LD 112640
LD 112672
LD 112704
LD 112736
LD 112768
LD 112800
LD 112832
LD 112864
LD 112896
LD 112928
LD 112960
LD 112992
LD 113024
LD 113056
LD 113088
LD 113120
LD 113152
LD 113184
LD 113216
LD 113248
LD 113280
LD 113312
LD 113344
LD 113376
LD 113408
LD 113440
LD 113472
LD 113504
LD 113536
LD 113568
LD 113600
LD 113632
LD 113664
LD 113696
LD 113728
LD 113760
LD 113792
LD 113824
LD 113856
LD 113888
LD 113920
LD 113952
LD 113984
LD 114016
LD 114048
LD 114080
LD 114112
LD 114144
LD 114176
LD 114208
LD 114240
LD 114272
LD 114304
LD 114336
LD 114368
LD 114400
LD 114432
LD 114464
LD 114496
LD 114528
LD 114560
LD 114592
LD 114624
LD 114656
LD 114688
LD 114720
LD 114752
LD 114784
LD 114816
LD 114848
LD 114880
LD 114912
LD 114944
LD 114976
LD 115008
LD 115040
LD 115072
LD 115104
LD 115136
LD 115168
LD 115200
LD 115232
LD 115264
LD 115296
LD 115328
LD 115360
LD 115392
LD 115424
LD 115456
LD 115488
LD 115520
LD 115552
LD 115584
LD 115616
LD 115648
LD 115680
LD 115712
LD 115744
LD 115776
LD 115808
LD 115840
LD 115872
LD 115904
LD 115936
LD 115968
LD 116000
LD 116032
LD 116064
LD 116096
LD 116128
LD 116160
LD 116192
LD 116224
LD 116256
LD 116288
LD 116320
LD 116352
LD 116384
LD 116416
LD 116448
LD 116480
LD 116512
LD 116544
LD 116576
LD 116608
LD 116640
LD 116672
LD 116704
LD 116736
LD 116768
LD 116800
LD 116832
LD 116864
LD 116896
LD 116928
LD 116960
LD 116992
LD 117024
LD 117056
LD 117088
LD 117120
LD 117152
LD 117184
LD 117216
LD 117248
LD 117280
LD 117312
LD 117344
LD 117376
LD 117408
LD 117440
LD 117472
LD 117504
LD 117536
LD 117568
LD 117600
LD 117632
LD 117664
LD 117696
LD 117728
LD 117760
LD 117792
LD 117824
LD 117856
LD 117888
LD 117920
LD 117952
LD 117984
LD 118016
LD 118048
LD 118080
LD 118112
LD 118144
LD 118176
LD 118208
LD 118240
LD 118272
LD 118304
LD 118336
LD 118368
LD 118400
LD 118432
LD 118464
LD 118496
LD 118528
LD 118560
LD 118592
LD 118624
LD 118656
LD 118688
LD 118720
LD 118752
LD 118784
LD 118816
LD 118848
LD 118880
LD 118912
LD 118944
LD 118976
LD 119008
LD 119040
LD 119072
LD 119104
LD 119136
LD 119168
LD 119200
LD 119232
LD 119264
LD 119296
LD 119328
LD 119360
LD 119392
LD 119424
LD 119456
LD 119488
LD 119520
LD 119552
LD 119584
LD 119616
LD 119648
LD 119680
LD 119712
LD 119744
LD 119776
LD 119808
LD 119840
LD 119872
LD 119904
LD 119936
LD 119968
LD 120000
LD 120032
LD 120064
LD 120096
LD 120128
LD 120160
LD 120192
LD 120224
LD 120256
LD 120288
LD 120320
LD 120352
LD 120384
LD 120416
LD 120448
LD 120480
LD 120512
LD 120544
LD 120576
LD 120608
LD 120640
LD 120672
LD 120704
LD 120736
LD 120768
LD 120800
LD 120832
LD 120864
LD 120896
LD 120928
LD 120960
LD 120992
LD 121024
LD 121056
LD 121088
LD 121120
LD 121152
LD 121184
LD 121216
LD 121248
LD 121280
LD 121312
LD 121344
LD 121376
LD 121408
LD 121440
LD 121472
LD 121504
LD 121536
LD 121568
LD 121600
LD 121632
LD 121664
LD 121696
LD 121728
LD 121760
LD 121792
LD 121824
LD 121856
LD 121888
LD 121920
LD 121952
LD 121984
LD 122016
LD 122048
LD 122080
LD 122112
LD 122144
LD 122176
LD 122208
LD 122240
LD 122272
LD 122304
LD 122336
LD 122368
LD 122400
LD 122432
LD 122464
LD 122496
LD 122528
LD 122560
LD 122592
LD 122624
LD 122656
LD 122688
LD 122720
LD 122752
LD 122784
LD 122816
LD 122848
LD 122880
LD 122912
LD 122944
LD 122976
LD 123008
LD 123040
LD 123072
LD 123104
LD 123136
LD 123168
LD 123200
LD 123232
LD 123264
LD 123296
LD 123328
LD 123360
LD 123392
LD 123424
LD 123456
LD 123488
LD 123520
LD 123552
LD 123584
LD 123616
LD 123648
LD 123680
LD 123712
LD 123744
LD 123776
LD 123808
LD 123840
LD 123872
LD 123904
LD 123936
LD 123968
LD 124000
LD 124032
LD 124064
LD 124096
LD 124128
LD 124160
LD 124192
LD 124224
LD 124256
LD 124288
LD 124320
LD 124352
LD 124384
LD 124416
LD 124448
LD 124480
LD 124512
LD 124544
LD 124576
LD 124608
LD 124640
LD 124672
LD 124704
LD 124736
LD 124768
LD 124800
LD 124832
LD 124864
LD 124896
LD 124928
LD 124960
LD 124992
LD 125024
LD 125056
LD 125088
LD 125120
LD 125152
LD 125184
LD 125216
LD 125248
LD 125280
LD 125312
LD 125344
LD 125376
LD 125408
LD 125440
LD 125472
LD 125504
LD 125536
LD 125568
LD 125600
LD 125632
LD 125664
LD 125696
LD 125728
LD 125760
LD 125792
LD 125824
LD 125856
LD 125888
LD 125920
LD 125952
LD 125984
LD 126016
LD 126048
LD 126080
LD 126112
LD 126144
LD 126176
LD 126208
LD 126240
LD 126272
LD 126304
LD 126336
LD 126368
LD 126400
LD 126432
LD 126464
LD 126496
LD 126528
LD 126560
LD 126592
LD 126624
LD 126656
LD 126688
LD 126720
LD 126752
LD 126784
LD 126816
LD 126848
LD 126880
LD 126912
LD 126944
LD 126976
LD 127008
LD 127040
LD 127072
LD 127104
LD 127136
LD 127168
LD 127200
LD 127232
LD 127264
LD 127296
LD 127328
LD 127360
LD 127392
LD 127424
LD 127456
LD 127488
LD 127520
LD 127552
LD 127584
LD 127616
LD 127648
LD 127680
LD 127712
LD 127744
LD 127776
LD 127808
LD 127840
LD 127872
LD 127904
LD 127936
LD 127968
LD 128000
LD 128032
LD 128064
LD 128096
LD 128128
LD 128160
LD 128192
LD 128224
LD 128256
LD 128288
LD 128320
LD 128352
LD 128384
LD 128416
LD 128448
LD 128480
LD 128512
LD 128544
LD 128576
LD 128608
LD 128640
LD 128672
LD 128704
LD 128736
LD 128768
LD 128800
LD 128832
LD 128864
LD 128896
LD 128928
LD 128960
LD 128992
LD 129024
LD 129056
LD 129088
LD 129120
LD 129152
LD 129184
LD 129216
LD 129248
LD 129280
LD 129312
LD 129344
LD 129376
LD 129408
LD 129440
LD 129472
LD 129504
LD 129536
LD 129568
LD 129600
LD 129632
LD 129664
LD 129696
LD 129728
LD 129760
LD 129792
LD 129824
LD 129856
LD 129888
LD 129920
LD 129952
LD 129984
LD 130016
LD 130048
LD 130080
LD 130112
LD 130144
LD 130176
LD 130208
LD 130240
LD 130272
LD 130304
LD 130336
LD 130368
LD 130400
LD 130432
LD 130464
LD 130496
LD 130528
LD 130560
LD 130592
LD 130624
LD 130656
LD 130688
LD 130720
LD 130752
LD 130784
LD 130816
LD 130848
LD 130880
LD 130912
LD 130944
LD 130976
LD 131008
LD 131040
LD 131072
LD 131104
LD 131136
LD 131168
LD 131200
LD 131232
LD 131264
LD 131296
LD 131328
LD 131360
LD 131392
LD 131424
LD 131456
LD 131488
LD 131520
LD 131552
LD 131584
LD 131616
LD 131648
LD 131680
LD 131712
LD 131744
LD 131776
LD 131808
LD 131840
LD 131872
LD 131904
LD 131936
LD 131968
LD 132000
LD 132032
LD 132064
LD 132096
LD 132128
LD 132160
LD 132192
LD 132224
LD 132256
LD 132288
LD 132320
LD 132352
LD 132384
LD 132416
LD 132448
LD 132480
LD 132512
LD 132544
LD 132576
LD 132608
LD 132640
LD 132672
LD 132704
LD 132736
LD 132768
LD 132800
LD 132832
LD 132864
LD 132896
LD 132928
LD 132960
LD 132992
LD 133024
LD 133056
LD 133088
LD 133120
LD 133152
LD 133184
LD 133216
LD 133248
LD 133280
LD 133312
LD 133344
LD 133376
LD 133408
LD 133440
LD 133472
LD 133504
LD 133536
LD 133568
LD 133600
LD 133632
LD 133664
LD 133696
LD 133728
LD 133760
LD 133792
LD 133824
LD 133856
LD 133888
LD 133920
LD 133952
LD 133984
LD 134016
LD 134048
LD 134080
LD 134112
LD 134144
LD 134176
LD 134208
LD 134240
LD 134272
LD 134304
LD 134336
LD 134368
LD 134400
LD 134432
LD 134464
LD 134496
LD 134528
LD 134560
LD 134592
LD 134624
LD 134656
LD 134688
LD 134720
LD 134752
LD 134784
LD 134816
LD 134848
LD 134880
LD 134912
LD 134944
LD 134976
LD 135008
LD 135040
LD 135072
LD 135104
LD 135136
LD 135168
LD 135200
LD 135232
LD 135264
LD 135296
LD 135328
LD 135360
LD 135392
LD 135424
LD 135456
LD 135488
LD 135520
LD 135552
LD 135584
LD 135616
LD 135648
LD 135680
LD 135712
LD 135744
LD 135776
LD 135808
LD 135840
LD 135872
LD 135904
LD 135936
LD 135968
LD 136000
LD 136032
LD 136064
LD 136096
LD 136128
LD 136160
LD 136192
LD 136224
LD 136256
LD 136288
LD 136320
LD 136352
LD 136384
LD 136416
LD 136448
LD 136480
LD 136512
LD 136544
LD 136576
LD 136608
LD 136640
LD 136672
LD 136704
LD 136736
LD 136768
LD 136800
LD 136832
LD 136864
LD 136896
LD 136928
LD 136960
LD 136992
LD 137024
LD 137056
LD 137088
LD 137120
LD 137152
LD 137184
LD 137216
LD 137248
LD 137280
LD 137312
LD 137344
LD 137376
LD 137408
LD 137440
LD 137472
LD 137504
LD 137536
LD 137568
LD 137600
LD 137632
LD 137664
LD 137696
LD 137728
LD 137760
LD 137792
LD 137824
LD 137856
LD 137888
LD 137920
LD 137952
LD 137984
LD 138016
LD 138048
LD 138080
LD 138112
LD 138144
LD 138176
LD 138208
LD 138240
LD 138272
LD 138304
LD 138336
LD 138368
LD 138400
LD 138432
LD 138464
LD 138496
LD 138528
LD 138560
LD 138592
LD 138624
LD 138656
LD 138688
LD 138720
LD 138752
LD 138784
LD 138816
LD 138848
LD 138880
LD 138912
LD 138944
LD 138976
LD 139008
LD 139040
LD 139072
LD 139104
LD 139136
LD 139168
LD 139200
LD 139232
LD 139264
LD 139296
LD 139328
LD 139360
LD 139392
LD 139424
LD 139456
LD 139488
LD 139520
LD 139552
LD 139584
LD 139616
LD 139648
LD 139680
LD 139712
LD 139744
LD 139776
LD 139808
LD 139840
LD 139872
LD 139904
LD 139936
LD 139968
LD 140000
LD 140032
LD 140064
LD 140096
LD 140128
LD 140160
LD 140192
LD 140224
LD 140256
LD 140288
LD 140320
LD 140352
LD 140384
LD 140416
LD 140448
LD 140480
LD 140512
LD 140544
LD 140576
LD 140608
LD 140640
LD 140672
LD 140704
LD 140736
LD 140768
LD 140800
LD 140832
LD 140864
LD 140896
LD 140928
LD 140960
LD 140992
LD 141024
LD 141056
LD 141088
LD 141120
LD 141152
LD 141184
LD 141216
LD 141248
LD 141280
LD 141312
LD 141344
LD 141376
LD 141408
LD 141440
LD 141472
LD 141504
LD 141536
LD 141568
LD 141600
LD 141632
LD 141664
LD 141696
LD 141728
LD 141760
LD 141792
LD 141824
LD 141856
LD 141888
LD 141920
LD 141952
LD 141984
LD 142016
LD 142048
LD 142080
LD 142112
LD 142144
LD 142176
LD 142208
LD 142240
LD 142272
LD 142304
LD 142336
LD 142368
LD 142400
LD 142432
LD 142464
LD 142496
LD 142528
LD 142560
LD 142592
LD 142624
LD 142656
LD 142688
LD 142720
LD 142752
LD 142784
LD 142816
LD 142848
LD 142880
LD 142912
LD 142944
LD 142976
LD 143008
LD 143040
LD 143072
LD 143104
LD 143136
LD 143168
LD 143200
LD 143232
LD 143264
LD 143296
LD 143328
LD 143360
LD 143392
LD 143424
LD 143456
LD 143488
LD 143520
LD 143552
LD 143584
LD 143616
LD 143648
LD 143680
LD 143712
LD 143744
LD 143776
LD 143808
LD 143840
LD 143872
LD 143904
LD 143936
LD 143968
LD 144000
LD 144032
LD 144064
LD 144096
LD 144128
LD 144160
LD 144192
LD 144224
LD 144256
LD 144288
LD 144320
LD 144352
LD 144384
LD 144416
LD 144448
LD 144480
LD 144512
LD 144544
LD 144576
LD 144608
LD 144640
LD 144672
LD 144704
LD 144736
LD 144768
LD 144800
LD 144832
LD 144864
LD 144896
LD 144928
LD 144960
LD 144992
LD 145024
LD 145056
LD 145088
LD 145120
LD 145152
LD 145184
LD 145216
LD 145248
LD 145280
LD 145312
LD 145344
LD 145376
LD 145408
LD 145440
LD 145472
LD 145504
LD 145536
LD 145568
LD 145600
LD 145632
LD 145664
LD 145696
LD 145728
LD 145760
LD 145792
LD 145824
LD 145856
LD 145888
LD 145920
LD 145952
LD 145984
LD 146016
LD 146048
LD 146080
LD 146112
LD 146144
LD 146176
LD 146208
LD 146240
LD 146272
LD 146304
LD 146336
LD 146368
LD 146400
LD 146432
LD 146464
LD 146496
LD 146528
LD 146560
LD 146592
LD 146624
LD 146656
LD 146688
LD 146720
LD 146752
LD 146784
LD 146816
LD 146848
LD 146880
LD 146912
LD 146944
LD 146976
LD 147008
LD 147040
LD 147072
LD 147104
LD 147136
LD 147168
LD 147200
LD 147232
LD 147264
LD 147296
LD 147328
LD 147360
LD 147392
LD 147424
LD 147456
LD 147488
LD 147520
LD 147552
LD 147584
LD 147616
LD 147648
LD 147680
LD 147712
LD 147744
LD 147776
LD 147808
LD 147840
LD 147872
LD 147904
LD 147936
LD 147968
LD 148000
LD 148032
LD 148064
LD 148096
LD 148128
LD 148160
LD 148192
LD 148224
LD 148256
LD 148288
LD 148320
LD 148352
LD 148384
LD 148416
LD 148448
LD 148480
LD 148512
LD 148544
LD 148576
LD 148608
LD 148640
LD 148672
LD 148704
LD 148736
LD 148768
LD 148800
LD 148832
LD 148864
LD 148896
LD 148928
LD 148960
LD 148992
LD 149024
LD 149056
LD 149088
LD 149120
LD 149152
LD 149184
LD 149216
LD 149248
LD 149280
LD 149312
LD 149344
LD 149376
LD 149408
LD 149440
LD 149472
LD 149504
LD 149536
LD 149568
LD 149600
LD 149632
LD 149664
LD 149696
LD 149728
LD 149760
LD 149792
LD 149824
LD 149856
LD 149888
LD 149920
LD 149952
LD 149984
LD 150016
LD 150048
LD 150080
LD 150112
LD 150144
LD 150176
LD 150208
LD 150240
LD 150272
LD 150304
LD 150336
LD 150368
LD 150400
LD 150432
LD 150464
LD 150496
LD 150528
LD 150560
LD 150592
LD 150624
LD 150656
LD 150688
LD 150720
LD 150752
LD 150784
LD 150816
LD 150848
LD 150880
LD 150912
LD 150944
LD 150976
LD 151008
LD 151040
LD 151072
LD 151104
LD 151136
LD 151168
LD 151200
LD 151232
LD 151264
LD 151296
LD 151328
LD 151360
LD 151392
LD 151424
LD 151456
LD 151488
LD 151520
LD 151552
LD 151584
LD 151616
LD 151648
LD 151680
LD 151712
LD 151744
LD 151776
LD 151808
LD 151840
LD 151872
LD 151904
LD 151936
LD 151968
LD 152000
LD 152032
LD 152064
LD 152096
LD 152128
LD 152160
LD 152192
LD 152224
LD 152256
LD 152288
LD 152320
LD 152352
LD 152384
LD 152416
LD 152448
LD 152480
LD 152512
LD 152544
LD 152576
LD 152608
LD 152640
LD 152672
LD 152704
LD 152736
LD 152768
LD 152800
LD 152832
LD 152864
LD 152896
LD 152928
LD 152960
LD 152992
LD 153024
LD 153056
LD 153088
LD 153120
LD 153152
LD 153184
LD 153216
LD 153248
LD 153280
LD 153312
LD 153344
LD 153376
LD 153408
LD 153440
LD 153472
LD 153504
LD 153536
LD 153568
LD 153600
LD 153632
LD 153664
LD 153696
LD 153728
LD 153760
LD 153792
LD 153824
LD 153856
LD 153888
LD 153920
LD 153952
LD 153984
LD 154016
LD 154048
LD 154080
LD 154112
LD 154144
LD 154176
LD 154208
LD 154240
LD 154272
LD 154304
LD 154336
LD 154368
LD 154400
LD 154432
LD 154464
LD 154496
LD 154528
LD 154560
LD 154592
LD 154624
LD 154656
LD 154688
LD 154720
LD 154752
LD 154784
LD 154816
LD 154848
LD 154880
LD 154912
LD 154944
LD 154976
LD 155008
LD 155040
LD 155072
LD 155104
LD 155136
LD 155168
LD 155200
LD 155232
LD 155264
LD 155296
LD 155328
LD 155360
LD 155392
LD 155424
LD 155456
LD 155488
LD 155520
LD 155552
LD 155584
LD 155616
LD 155648
LD 155680
LD 155712
LD 155744
LD 155776
LD 155808
LD 155840
LD 155872
LD 155904
LD 155936
LD 155968
LD 156000
LD 156032
LD 156064
LD 156096
LD 156128
LD 156160
LD 156192
LD 156224
LD 156256
LD 156288
LD 156320
LD 156352
LD 156384
LD 156416
LD 156448
LD 156480
LD 156512
LD 156544
LD 156576
LD 156608
LD 156640
LD 156672
LD 156704
LD 156736
LD 156768
LD 156800
LD 156832
LD 156864
LD 156896
LD 156928
LD 156960
LD 156992
LD 157024
LD 157056
LD 157088
LD 157120
LD 157152
LD 157184
LD 157216
LD 157248
LD 157280
LD 157312
LD 157344
LD 157376
LD 157408
LD 157440
LD 157472
LD 157504
LD 157536
LD 157568
LD 157600
LD 157632
LD 157664
LD 157696
LD 157728
LD 157760
LD 157792
LD 157824
LD 157856
LD 157888
LD 157920
LD 157952
LD 157984
LD 158016
LD 158048
LD 158080
LD 158112
LD 158144
LD 158176
LD 158208
LD 158240
LD 158272
LD 158304
LD 158336
LD 158368
LD 158400
LD 158432
LD 158464
LD 158496
LD 158528
LD 158560
LD 158592
LD 158624
LD 158656
LD 158688
LD 158720
LD 158752
LD 158784
LD 158816
LD 158848
LD 158880
LD 158912
LD 158944
LD 158976
LD 159008
LD 159040
LD 159072
LD 159104
LD 159136
LD 159168
LD 159200
LD 159232
LD 159264
LD 159296
LD 159328
LD 159360
LD 159392
LD 159424
LD 159456
LD 159488
LD 159520
LD 159552
LD 159584
LD 159616
LD 159648
LD 159680
LD 159712
LD 159744
LD 159776
LD 159808
LD 159840
LD 159872
LD 159904
LD 159936
LD 159968
LD 160000
LD 160032
LD 160064
LD 160096
LD 160128
LD 160160
LD 160192
LD 160224
LD 160256
LD 160288
LD 160320
LD 160352
LD 160384
LD 160416
LD 160448
LD 160480
LD 160512
LD 160544
LD 160576
LD 160608
LD 160640
LD 160672
LD 160704
LD 160736
LD 160768
LD 160800
LD 160832
LD 160864
LD 160896
LD 160928
LD 160960
LD 160992
LD 161024
LD 161056
LD 161088
LD 161120
LD 161152
LD 161184
LD 161216
LD 161248
LD 161280
LD 161312
LD 161344
LD 161376
LD 161408
LD 161440
LD 161472
LD 161504
LD 161536
LD 161568
LD 161600
LD 161632
LD 161664
LD 161696
LD 161728
LD 161760
LD 161792
LD 161824
LD 161856
LD 161888
LD 161920
LD 161952
LD 161984
LD 162016
LD 162048
LD 162080
LD 162112
LD 162144
LD 162176
LD 162208
LD 162240
LD 162272
LD 162304
LD 162336
LD 162368
LD 162400
LD 162432
LD 162464
LD 162496
LD 162528
LD 162560
LD 162592
LD 162624
LD 162656
LD 162688
LD 162720
LD 162752
LD 162784
LD 162816
LD 162848
LD 162880
LD 162912
LD 162944
LD 162976
LD 163008
LD 163040
LD 163072
LD 163104
LD 163136
LD 163168
LD 163200
LD 163232
LD 163264
LD 163296
LD 163328
LD 163360
LD 163392
LD 163424
LD 163456
LD 163488
LD 163520
LD 163552
LD 163584
LD 163616
LD 163648
LD 163680
LD 163712
LD 163744
LD 163776
LD 163808
LD 163840
LD 163872
LD 163904
LD 163936
LD 163968
LD 164000
LD 164032
LD 164064
LD 164096
LD 164128
LD 164160
LD 164192
LD 164224
LD 164256
LD 164288
LD 164320
LD 164352
LD 164384
LD 164416
LD 164448
LD 164480
LD 164512
LD 164544
LD 164576
LD 164608
LD 164640
LD 164672
LD 164704
LD 164736
LD 164768
LD 164800
LD 164832
LD 164864
LD 164896
LD 164928
LD 164960
LD 164992
LD 165024
LD 165056
LD 165088
LD 165120
LD 165152
LD 165184
LD 165216
LD 165248
LD 165280
LD 165312
LD 165344
LD 165376
LD 165408
LD 165440
LD 165472
LD 165504
LD 165536
LD 165568
LD 165600
LD 165632
LD 165664
LD 165696
LD 165728
LD 165760
LD 165792
LD 165824
LD 165856
LD 165888
LD 165920
LD 165952
LD 165984
LD 166016
LD 166048
LD 166080
LD 166112
LD 166144
LD 166176
LD 166208
LD 166240
LD 166272
LD 166304
LD 166336
LD 166368
LD 166400
LD 166432
LD 166464
LD 166496
LD 166528
LD 166560
LD 166592
LD 166624
LD 166656
LD 166688
LD 166720
LD 166752
LD 166784
LD 166816
LD 166848
LD 166880
LD 166912
LD 166944
LD 166976
LD 167008
LD 167040
LD 167072
LD 167104
LD 167136
LD 167168
LD 167200
LD 167232
LD 167264
LD 167296
LD 167328
LD 167360
LD 167392
LD 167424
LD 167456
LD 167488
LD 167520
LD 167552
LD 167584
LD 167616
LD 167648
LD 167680
LD 167712
LD 167744
LD 167776
LD 167808
LD 167840
LD 167872
LD 167904
LD 167936
LD 167968
LD 168000
LD 168032
LD 168064
LD 168096
LD 168128
LD 168160
LD 168192
LD 168224
LD 168256
LD 168288
LD 168320
LD 168352
LD 168384
LD 168416
LD 168448
LD 168480
LD 168512
LD 168544
LD 168576
LD 168608
LD 168640
LD 168672
LD 168704
LD 168736
LD 168768
LD 168800
LD 168832
LD 168864
LD 168896
LD 168928
LD 168960
LD 168992
LD 169024
LD 169056
LD 169088
LD 169120
LD 169152
LD 169184
LD 169216
LD 169248
LD 169280
LD 169312
LD 169344
LD 169376
LD 169408
LD 169440
LD 169472
LD 169504
LD 169536
LD 169568
LD 169600
LD 169632
LD 169664
LD 169696
LD 169728
LD 169760
LD 169792
LD 169824
LD 169856
LD 169888
LD 169920
LD 169952
LD 169984
LD 170016
LD 170048
LD 170080
LD 170112
LD 170144
LD 170176
LD 170208
LD 170240
LD 170272
LD 170304
LD 170336
LD 170368
LD 170400
LD 170432
LD 170464
LD 170496
LD 170528
LD 170560
LD 170592
LD 170624
LD 170656
LD 170688
LD 170720
LD 170752
LD 170784
LD 170816
LD 170848
LD 170880
LD 170912
LD 170944
LD 170976
LD 171008
LD 171040
LD 171072
LD 171104
LD 171136
LD 171168
LD 171200
LD 171232
LD 171264
LD 171296
LD 171328
LD 171360
LD 171392
LD 171424
LD 171456
LD 171488
LD 171520
LD 171552
LD 171584
LD 171616
LD 171648
LD 171680
LD 171712
LD 171744
LD 171776
LD 171808
LD 171840
LD 171872
LD 171904
LD 171936
LD 171968
LD 172000
LD 172032
LD 172064
LD 172096
LD 172128
LD 172160
LD 172192
LD 172224
LD 172256
LD 172288
LD 172320
LD 172352
LD 172384
LD 172416
LD 172448
LD 172480
LD 172512
LD 172544
LD 172576
LD 172608
LD 172640
LD 172672
LD 172704
LD 172736
LD 172768
LD 172800
LD 172832
LD 172864
LD 172896
LD 172928
LD 172960
LD 172992
LD 173024
LD 173056
LD 173088
LD 173120
LD 173152
LD 173184
LD 173216
LD 173248
LD 173280
LD 173312
LD 173344
LD 173376
LD 173408
LD 173440
LD 173472
LD 173504
LD 173536
LD 173568
LD 173600
LD 173632
LD 173664
LD 173696
LD 173728
LD 173760
LD 173792
LD 173824
LD 173856
LD 173888
LD 173920
LD 173952
LD 173984
LD 174016
LD 174048
LD 174080
LD 174112
LD 174144
LD 174176
LD 174208
LD 174240
LD 174272
LD 174304
LD 174336
LD 174368
LD 174400
LD 174432
LD 174464
LD 174496
LD 174528
LD 174560
LD 174592
LD 174624
LD 174656
LD 174688
LD 174720
LD 174752
LD 174784
LD 174816
LD 174848
LD 174880
LD 174912
LD 174944
LD 174976
LD 175008
LD 175040
LD 175072
LD 175104
LD 175136
LD 175168
LD 175200
LD 175232
LD 175264
LD 175296
LD 175328
LD 175360
LD 175392
LD 175424
LD 175456
LD 175488
LD 175520
LD 175552
LD 175584
LD 175616
LD 175648
LD 175680
LD 175712
LD 175744
LD 175776
LD 175808
LD 175840
LD 175872
LD 175904
LD 175936
LD 175968
LD 176000
LD 176032
LD 176064
LD 176096
LD 176128
LD 176160
LD 176192
LD 176224
LD 176256
LD 176288
LD 176320
LD 176352
LD 176384
LD 176416
LD 176448
LD 176480
LD 176512
LD 176544
LD 176576
LD 176608
LD 176640
LD 176672
LD 176704
LD 176736
LD 176768
LD 176800
LD 176832
LD 176864
LD 176896
LD 176928
LD 176960
LD 176992
LD 177024
LD 177056
LD 177088
LD 177120
LD 177152
LD 177184
LD 177216
LD 177248
LD 177280
LD 177312
LD 177344
LD 177376
LD 177408
LD 177440
LD 177472
LD 177504
LD 177536
LD 177568
LD 177600
LD 177632
LD 177664
LD 177696
LD 177728
LD 177760
LD 177792
LD 177824
LD 177856
LD 177888
LD 177920
LD 177952
LD 177984
LD 178016
LD 178048
LD 178080
LD 178112
LD 178144
LD 178176
LD 178208
LD 178240
LD 178272
LD 178304
LD 178336
LD 178368
LD 178400
LD 178432
LD 178464
LD 178496
LD 178528
LD 178560
LD 178592
LD 178624
LD 178656
LD 178688
LD 178720
LD 178752
LD 178784
LD 178816
LD 178848
LD 178880
LD 178912
LD 178944
LD 178976
LD 179008
LD 179040
LD 179072
LD 179104
LD 179136
LD 179168
LD 179200
LD 179232
LD 179264
LD 179296
LD 179328
LD 179360
LD 179392
LD 179424
LD 179456
LD 179488
LD 179520
LD 179552
LD 179584
LD 179616
LD 179648
LD 179680
LD 179712
LD 179744
LD 179776
LD 179808
LD 179840
LD 179872
LD 179904
LD 179936
LD 179968
LD 180000
LD 180032
LD 180064
LD 180096
LD 180128
LD 180160
LD 180192
LD 180224
LD 180256
LD 180288
LD 180320
LD 180352
LD 180384
LD 180416
LD 180448
LD 180480
LD 180512
LD 180544
LD 180576
LD 180608
LD 180640
LD 180672
LD 180704
LD 180736
LD 180768
LD 180800
LD 180832
LD 180864
LD 180896
LD 180928
LD 180960
LD 180992
LD 181024
LD 181056
LD 181088
LD 181120
LD 181152
LD 181184
LD 181216
LD 181248
LD 181280
LD 181312
LD 181344
LD 181376
LD 181408
LD 181440
LD 181472
LD 181504
LD 181536
LD 181568
LD 181600
LD 181632
LD 181664
LD 181696
LD 181728
LD 181760
LD 181792
LD 181824
LD 181856
LD 181888
LD 181920
LD 181952
LD 181984
LD 182016
LD 182048
LD 182080
LD 182112
LD 182144
LD 182176
LD 182208
LD 182240
LD 182272
LD 182304
LD 182336
LD 182368
LD 182400
LD 182432
LD 182464
LD 182496
LD 182528
LD 182560
LD 182592
LD 182624
LD 182656
LD 182688
LD 182720
LD 182752
LD 182784
LD 182816
LD 182848
LD 182880
LD 182912
LD 182944
LD 182976
LD 183008
LD 183040
LD 183072
LD 183104
LD 183136
LD 183168
LD 183200
LD 183232
LD 183264
LD 183296
LD 183328
LD 183360
LD 183392
LD 183424
LD 183456
LD 183488
LD 183520
LD 183552
LD 183584
LD 183616
LD 183648
LD 183680
LD 183712
LD 183744
LD 183776
LD 183808
LD 183840
LD 183872
LD 183904
LD 183936
LD 183968
LD 184000
LD 184032
LD 184064
LD 184096
LD 184128
LD 184160
LD 184192
LD 184224
LD 184256
LD 184288
LD 184320
LD 184352
LD 184384
LD 184416
LD 184448
LD 184480
LD 184512
LD 184544
LD 184576
LD 184608
LD 184640
LD 184672
LD 184704
LD 184736
LD 184768
LD 184800
LD 184832
LD 184864
LD 184896
LD 184928
LD 184960
LD 184992
LD 185024
LD 185056
LD 185088
LD 185120
LD 185152
LD 185184
LD 185216
LD 185248
LD 185280
LD 185312
LD 185344
LD 185376
LD 185408
LD 185440
LD 185472
LD 185504
LD 185536
LD 185568
LD 185600
LD 185632
LD 185664
LD 185696
LD 185728
LD 185760
LD 185792
LD 185824
LD 185856
LD 185888
LD 185920
LD 185952
LD 185984
LD 186016
LD 186048
LD 186080
LD 186112
LD 186144
LD 186176
LD 186208
LD 186240
LD 186272
LD 186304
LD 186336
LD 186368
LD 186400
LD 186432
LD 186464
LD 186496
LD 186528
LD 186560
LD 186592
LD 186624
LD 186656
LD 186688
LD 186720
LD 186752
LD 186784
LD 186816
LD 186848
LD 186880
LD 186912
LD 186944
LD 186976
LD 187008
LD 187040
LD 187072
LD 187104
LD 187136
LD 187168
LD 187200
LD 187232
LD 187264
LD 187296
LD 187328
LD 187360
LD 187392
LD 187424
LD 187456
LD 187488
LD 187520
LD 187552
LD 187584
LD 187616
LD 187648
LD 187680
LD 187712
LD 187744
LD 187776
LD 187808
LD 187840
LD 187872
LD 187904
LD 187936
LD 187968
LD 188000
LD 188032
LD 188064
LD 188096
LD 188128
LD 188160
LD 188192
LD 188224
LD 188256
LD 188288
LD 188320
LD 188352
LD 188384
LD 188416
LD 188448
LD 188480
LD 188512
LD 188544
LD 188576
LD 188608
LD 188640
LD 188672
LD 188704
LD 188736
LD 188768
LD 188800
LD 188832
LD 188864
LD 188896
LD 188928
LD 188960
LD 188992
LD 189024
LD 189056
LD 189088
LD 189120
LD 189152
LD 189184
LD 189216
LD 189248
LD 189280
LD 189312
LD 189344
LD 189376
LD 189408
LD 189440
LD 189472
LD 189504
LD 189536
LD 189568
LD 189600
LD 189632
LD 189664
LD 189696
LD 189728
LD 189760
LD 189792
LD 189824
LD 189856
LD 189888
LD 189920
LD 189952
LD 189984
LD 190016
LD 190048
LD 190080
LD 190112
LD 190144
LD 190176
LD 190208
LD 190240
LD 190272
LD 190304
LD 190336
LD 190368
LD 190400
LD 190432
LD 190464
LD 190496
LD 190528
LD 190560
LD 190592
LD 190624
LD 190656
LD 190688
LD 190720
LD 190752
LD 190784
LD 190816
LD 190848
LD 190880
LD 190912
LD 190944
LD 190976
LD 191008
LD 191040
LD 191072
LD 191104
LD 191136
LD 191168
LD 191200
LD 191232
LD 191264
LD 191296
LD 191328
LD 191360
LD 191392
LD 191424
LD 191456
LD 191488
LD 191520
LD 191552
LD 191584
LD 191616
LD 191648
LD 191680
LD 191712
LD 191744
LD 191776
LD 191808
LD 191840
LD 191872
LD 191904
LD 191936
LD 191968
LD 192000
LD 192032
LD 192064
LD 192096
LD 192128
LD 192160
LD 192192
LD 192224
LD 192256
LD 192288
LD 192320
LD 192352
LD 192384
LD 192416
LD 192448
LD 192480
LD 192512
LD 192544
LD 192576
LD 192608
LD 192640
LD 192672
LD 192704
LD 192736
LD 192768
LD 192800
LD 192832
LD 192864
LD 192896
LD 192928
LD 192960
LD 192992
LD 193024
LD 193056
LD 193088
LD 193120
LD 193152
LD 193184
LD 193216
LD 193248
LD 193280
LD 193312
LD 193344
LD 193376
LD 193408
LD 193440
LD 193472
LD 193504
LD 193536
LD 193568
LD 193600
LD 193632
LD 193664
LD 193696
LD 193728
LD 193760
LD 193792
LD 193824
LD 193856
LD 193888
LD 193920
LD 193952
LD 193984
LD 194016
LD 194048
LD 194080
LD 194112
LD 194144
LD 194176
LD 194208
LD 194240
LD 194272
LD 194304
LD 194336
LD 194368
LD 194400
LD 194432
LD 194464
LD 194496
LD 194528
LD 194560
LD 194592
LD 194624
LD 194656
LD 194688
LD 194720
LD 194752
LD 194784
LD 194816
LD 194848
LD 194880
LD 194912
LD 194944
LD 194976
LD 195008
LD 195040
LD 195072
LD 195104
LD 195136
LD 195168
LD 195200
LD 195232
LD 195264
LD 195296
LD 195328
LD 195360
LD 195392
LD 195424
LD 195456
LD 195488
LD 195520
LD 195552
LD 195584
LD 195616
LD 195648
LD 195680
LD 195712
LD 195744
LD 195776
LD 195808
LD 195840
LD 195872
LD 195904
LD 195936
LD 195968
LD 196000
LD 196032
LD 196064
LD 196096
LD 196128
LD 196160
LD 196192
LD 196224
LD 196256
LD 196288
LD 196320
LD 196352
LD 196384
LD 196416
LD 196448
LD 196480
LD 196512
LD 196544
LD 196576
LD 196608
LD 196640
LD 196672
LD 196704
LD 196736
LD 196768
LD 196800
LD 196832
LD 196864
LD 196896
LD 196928
LD 196960
LD 196992
LD 197024
LD 197056
LD 197088
LD 197120
LD 197152
LD 197184
LD 197216
LD 197248
LD 197280
LD 197312
LD 197344
LD 197376
LD 197408
LD 197440
LD 197472
LD 197504
LD 197536
LD 197568
LD 197600
LD 197632
LD 197664
LD 197696
LD 197728
LD 197760
LD 197792
LD 197824
LD 197856
LD 197888
LD 197920
LD 197952
LD 197984
LD 198016
LD 198048
LD 198080
LD 198112
LD 198144
LD 198176
LD 198208
LD 198240
LD 198272
LD 198304
LD 198336
LD 198368
LD 198400
LD 198432
LD 198464
LD 198496
LD 198528
LD 198560
LD 198592
LD 198624
LD 198656
LD 198688
LD 198720
LD 198752
LD 198784
LD 198816
LD 198848
LD 198880
LD 198912
LD 198944
LD 198976
LD 199008
LD 199040
LD 199072
LD 199104
LD 199136
LD 199168
LD 199200
LD 199232
LD 199264
LD 199296
LD 199328
LD 199360
LD 199392
LD 199424
LD 199456
LD 199488
LD 199520
LD 199552
LD 199584
LD 199616
LD 199648
LD 199680
LD 199712
LD 199744
LD 199776
LD 199808
LD 199840
LD 199872
LD 199904
LD 199936
LD 199968
LD 200000
LD 200032
LD 200064
LD 200096
LD 200128
LD 200160
LD 200192
LD 200224
LD 200256
LD 200288
LD 200320
LD 200352
LD 200384
LD 200416
LD 200448
LD 200480
LD 200512
LD 200544
LD 200576
LD 200608
LD 200640
LD 200672
LD 200704
LD 200736
LD 200768
LD 200800
LD 200832
LD 200864
LD 200896
LD 200928
LD 200960
LD 200992
LD 201024
LD 201056
LD 201088
LD 201120
LD 201152
LD 201184
LD 201216
LD 201248
LD 201280
LD 201312
LD 201344
LD 201376
LD 201408
LD 201440
LD 201472
LD 201504
LD 201536
LD 201568
LD 201600
LD 201632
LD 201664
LD 201696
LD 201728
LD 201760
LD 201792
LD 201824
LD 201856
LD 201888
LD 201920
LD 201952
LD 201984
LD 202016
LD 202048
LD 202080
LD 202112
LD 202144
LD 202176
LD 202208
LD 202240
LD 202272
LD 202304
LD 202336
LD 202368
LD 202400
LD 202432
LD 202464
LD 202496
LD 202528
LD 202560
LD 202592
LD 202624
LD 202656
LD 202688
LD 202720
LD 202752
LD 202784
LD 202816
LD 202848
LD 202880
LD 202912
LD 202944
LD 202976
LD 203008
LD 203040
LD 203072
LD 203104
LD 203136
LD 203168
LD 203200
LD 203232
LD 203264
LD 203296
LD 203328
LD 203360
LD 203392
LD 203424
LD 203456
LD 203488
LD 203520
LD 203552
LD 203584
LD 203616
LD 203648
LD 203680
LD 203712
LD 203744
LD 203776
LD 203808
LD 203840
LD 203872
LD 203904
LD 203936
LD 203968
LD 204000
LD 204032
LD 204064
LD 204096
LD 204128
LD 204160
LD 204192
LD 204224
LD 204256
LD 204288
LD 204320
LD 204352
LD 204384
LD 204416
LD 204448
LD 204480
LD 204512
LD 204544
LD 204576
LD 204608
LD 204640
LD 204672
LD 204704
LD 204736
LD 204768
LD 204800
LD 204832
LD 204864
LD 204896
LD 204928
LD 204960
LD 204992
LD 205024
LD 205056
LD 205088
LD 205120
LD 205152
LD 205184
LD 205216
LD 205248
LD 205280
LD 205312
LD 205344
LD 205376
LD 205408
LD 205440
LD 205472
LD 205504
LD 205536
LD 205568
LD 205600
LD 205632
LD 205664
LD 205696
LD 205728
LD 205760
LD 205792
LD 205824
LD 205856
LD 205888
LD 205920
LD 205952
LD 205984
LD 206016
LD 206048
LD 206080
LD 206112
LD 206144
LD 206176
LD 206208
LD 206240
LD 206272
LD 206304
LD 206336
LD 206368
LD 206400
LD 206432
LD 206464
LD 206496
LD 206528
LD 206560
LD 206592
LD 206624
LD 206656
LD 206688
LD 206720
LD 206752
LD 206784
LD 206816
LD 206848
LD 206880
LD 206912
LD 206944
LD 206976
LD 207008
LD 207040
LD 207072
LD 207104
LD 207136
LD 207168
LD 207200
LD 207232
LD 207264
LD 207296
LD 207328
LD 207360
LD 207392
LD 207424
LD 207456
LD 207488
LD 207520
LD 207552
LD 207584
LD 207616
LD 207648
LD 207680
LD 207712
LD 207744
LD 207776
LD 207808
LD 207840
LD 207872
LD 207904
LD 207936
LD 207968
LD 208000
LD 208032
LD 208064
LD 208096
LD 208128
LD 208160
LD 208192
LD 208224
LD 208256
LD 208288
LD 208320
LD 208352
LD 208384
LD 208416
LD 208448
LD 208480
LD 208512
LD 208544
LD 208576
LD 208608
LD 208640
LD 208672
LD 208704
LD 208736
LD 208768
LD 208800
LD 208832
LD 208864
LD 208896
LD 208928
LD 208960
LD 208992
LD 209024
LD 209056
LD 209088
LD 209120
LD 209152
LD 209184
LD 209216
LD 209248
LD 209280
LD 209312
LD 209344
LD 209376
LD 209408
LD 209440
LD 209472
LD 209504
LD 209536
LD 209568
LD 209600
LD 209632
LD 209664
LD 209696
LD 209728
LD 209760
LD 209792
LD 209824
LD 209856
LD 209888
LD 209920
LD 209952
LD 209984
LD 210016
LD 210048
LD 210080
LD 210112
LD 210144
LD 210176
LD 210208
LD 210240
LD 210272
LD 210304
LD 210336
LD 210368
LD 210400
LD 210432
LD 210464
LD 210496
LD 210528
LD 210560
LD 210592
LD 210624
LD 210656
LD 210688
LD 210720
LD 210752
LD 210784
LD 210816
LD 210848
LD 210880
LD 210912
LD 210944
LD 210976
LD 211008
LD 211040
LD 211072
LD 211104
LD 211136
LD 211168
LD 211200
LD 211232
LD 211264
LD 211296
LD 211328
LD 211360
LD 211392
LD 211424
LD 211456
LD 211488
LD 211520
LD 211552
LD 211584
LD 211616
LD 211648
LD 211680
LD 211712
LD 211744
LD 211776
LD 211808
LD 211840
LD 211872
LD 211904
LD 211936
LD 211968
LD 212000
LD 212032
LD 212064
LD 212096
LD 212128
LD 212160
LD 212192
LD 212224
LD 212256
LD 212288
LD 212320
LD 212352
LD 212384
LD 212416
LD 212448
LD 212480
LD 212512
LD 212544
LD 212576
LD 212608
LD 212640
LD 212672
LD 212704
LD 212736
LD 212768
LD 212800
LD 212832
LD 212864
LD 212896
LD 212928
LD 212960
LD 212992
LD 213024
LD 213056
LD 213088
LD 213120
LD 213152
LD 213184
LD 213216
LD 213248
LD 213280
LD 213312
LD 213344
LD 213376
LD 213408
LD 213440
LD 213472
LD 213504
LD 213536
LD 213568
LD 213600
LD 213632
LD 213664
LD 213696
LD 213728
LD 213760
LD 213792
LD 213824
LD 213856
LD 213888
LD 213920
LD 213952
LD 213984
LD 214016
LD 214048
LD 214080
LD 214112
LD 214144
LD 214176
LD 214208
LD 214240
LD 214272
LD 214304
LD 214336
LD 214368
LD 214400
LD 214432
LD 214464
LD 214496
LD 214528
LD 214560
LD 214592
LD 214624
LD 214656
LD 214688
LD 214720
LD 214752
LD 214784
LD 214816
LD 214848
LD 214880
LD 214912
LD 214944
LD 214976
LD 215008
LD 215040
LD 215072
LD 215104
LD 215136
LD 215168
LD 215200
LD 215232
LD 215264
LD 215296
LD 215328
LD 215360
LD 215392
LD 215424
LD 215456
LD 215488
LD 215520
LD 215552
LD 215584
LD 215616
LD 215648
LD 215680
LD 215712
LD 215744
LD 215776
LD 215808
LD 215840
LD 215872
LD 215904
LD 215936
LD 215968
LD 216000
LD 216032
LD 216064
LD 216096
LD 216128
LD 216160
LD 216192
LD 216224
LD 216256
LD 216288
LD 216320
LD 216352
LD 216384
LD 216416
LD 216448
LD 216480
LD 216512
LD 216544
LD 216576
LD 216608
LD 216640
LD 216672
LD 216704
LD 216736
LD 216768
LD 216800
LD 216832
LD 216864
LD 216896
LD 216928
LD 216960
LD 216992
LD 217024
LD 217056
LD 217088
LD 217120
LD 217152
LD 217184
LD 217216
LD 217248
LD 217280
LD 217312
LD 217344
LD 217376
LD 217408
LD 217440
LD 217472
LD 217504
LD 217536
LD 217568
LD 217600
LD 217632
LD 217664
LD 217696
LD 217728
LD 217760
LD 217792
LD 217824
LD 217856
LD 217888
LD 217920
LD 217952
LD 217984
LD 218016
LD 218048
LD 218080
LD 218112
LD 218144
LD 218176
LD 218208
LD 218240
LD 218272
LD 218304
LD 218336
LD 218368
LD 218400
LD 218432
LD 218464
LD 218496
LD 218528
LD 218560
LD 218592
LD 218624
LD 218656
LD 218688
LD 218720
LD 218752
LD 218784
LD 218816
LD 218848
LD 218880
LD 218912
LD 218944
LD 218976
LD 219008
LD 219040
LD 219072
LD 219104
LD 219136
LD 219168
LD 219200
LD 219232
LD 219264
LD 219296
LD 219328
LD 219360
LD 219392
LD 219424
LD 219456
LD 219488
LD 219520
LD 219552
LD 219584
LD 219616
LD 219648
LD 219680
LD 219712
LD 219744
LD 219776
LD 219808
LD 219840
LD 219872
LD 219904
LD 219936
LD 219968
LD 220000
LD 220032
LD 220064
LD 220096
LD 220128
LD 220160
LD 220192
LD 220224
LD 220256
LD 220288
LD 220320
LD 220352
LD 220384
LD 220416
LD 220448
LD 220480
LD 220512
LD 220544
LD 220576
LD 220608
LD 220640
LD 220672
LD 220704
LD 220736
LD 220768
LD 220800
LD 220832
LD 220864
LD 220896
LD 220928
LD 220960
LD 220992
LD 221024
LD 221056
LD 221088
LD 221120
LD 221152
LD 221184
LD 221216
LD 221248
LD 221280
LD 221312
LD 221344
LD 221376
LD 221408
LD 221440
LD 221472
LD 221504
LD 221536
LD 221568
LD 221600
LD 221632
LD 221664
LD 221696
LD 221728
LD 221760
LD 221792
LD 221824
LD 221856
LD 221888
LD 221920
LD 221952
LD 221984
LD 222016
LD 222048
LD 222080
LD 222112
LD 222144
LD 222176
LD 222208
LD 222240
LD 222272
LD 222304
LD 222336
LD 222368
LD 222400
LD 222432
LD 222464
LD 222496
LD 222528
LD 222560
LD 222592
LD 222624
LD 222656
LD 222688
LD 222720
LD 222752
LD 222784
LD 222816
LD 222848
LD 222880
LD 222912
LD 222944
LD 222976
LD 223008
LD 223040
LD 223072
LD 223104
LD 223136
LD 223168
LD 223200
LD 223232
LD 223264
LD 223296
LD 223328
LD 223360
LD 223392
LD 223424
LD 223456
LD 223488
LD 223520
LD 223552
LD 223584
LD 223616
LD 223648
LD 223680
LD 223712
LD 223744
LD 223776
LD 223808
LD 223840
LD 223872
LD 223904
LD 223936
LD 223968
LD 224000
LD 224032
LD 224064
LD 224096
LD 224128
LD 224160
LD 224192
LD 224224
LD 224256
LD 224288
LD 224320
LD 224352
LD 224384
LD 224416
LD 224448
LD 224480
LD 224512
LD 224544
LD 224576
LD 224608
LD 224640
LD 224672
LD 224704
LD 224736
LD 224768
LD 224800
LD 224832
LD 224864
LD 224896
LD 224928
LD 224960
LD 224992
LD 225024
LD 225056
LD 225088
LD 225120
LD 225152
LD 225184
LD 225216
LD 225248
LD 225280
LD 225312
LD 225344
LD 225376
LD 225408
LD 225440
LD 225472
LD 225504
LD 225536
LD 225568
LD 225600
LD 225632
LD 225664
LD 225696
LD 225728
LD 225760
LD 225792
LD 225824
LD 225856
LD 225888
LD 225920
LD 225952
LD 225984
LD 226016
LD 226048
LD 226080
LD 226112
LD 226144
LD 226176
LD 226208
LD 226240
LD 226272
LD 226304
LD 226336
LD 226368
LD 226400
LD 226432
LD 226464
LD 226496
LD 226528
LD 226560
LD 226592
LD 226624
LD 226656
LD 226688
LD 226720
LD 226752
LD 226784
LD 226816
LD 226848
LD 226880
LD 226912
LD 226944
LD 226976
LD 227008
LD 227040
LD 227072
LD 227104
LD 227136
LD 227168
LD 227200
LD 227232
LD 227264
LD 227296
LD 227328
LD 227360
LD 227392
LD 227424
LD 227456
LD 227488
LD 227520
LD 227552
LD 227584
LD 227616
LD 227648
LD 227680
LD 227712
LD 227744
LD 227776
LD 227808
LD 227840
LD 227872
LD 227904
LD 227936
LD 227968
LD 228000
LD 228032
LD 228064
LD 228096
LD 228128
LD 228160
LD 228192
LD 228224
LD 228256
LD 228288
LD 228320
LD 228352
LD 228384
LD 228416
LD 228448
LD 228480
LD 228512
LD 228544
LD 228576
LD 228608
LD 228640
LD 228672
LD 228704
LD 228736
LD 228768
LD 228800
LD 228832
LD 228864
LD 228896
LD 228928
LD 228960
LD 228992
LD 229024
LD 229056
LD 229088
LD 229120
LD 229152
LD 229184
LD 229216
LD 229248
LD 229280
LD 229312
LD 229344
LD 229376
LD 229408
LD 229440
LD 229472
LD 229504
LD 229536
LD 229568
LD 229600
LD 229632
LD 229664
LD 229696
LD 229728
LD 229760
LD 229792
LD 229824
LD 229856
LD 229888
LD 229920
LD 229952
LD 229984
LD 230016
LD 230048
LD 230080
LD 230112
LD 230144
LD 230176
LD 230208
LD 230240
LD 230272
LD 230304
LD 230336
LD 230368
LD 230400
LD 230432
LD 230464
LD 230496
LD 230528
LD 230560
LD 230592
LD 230624
LD 230656
LD 230688
LD 230720
LD 230752
LD 230784
LD 230816
LD 230848
LD 230880
LD 230912
LD 230944
LD 230976
LD 231008
LD 231040
LD 231072
LD 231104
LD 231136
LD 231168
LD 231200
LD 231232
LD 231264
LD 231296
LD 231328
LD 231360
LD 231392
LD 231424
LD 231456
LD 231488
LD 231520
LD 231552
LD 231584
LD 231616
LD 231648
LD 231680
LD 231712
LD 231744
LD 231776
LD 231808
LD 231840
LD 231872
LD 231904
LD 231936
LD 231968
LD 232000
LD 232032
LD 232064
LD 232096
LD 232128
LD 232160
LD 232192
LD 232224
LD 232256
LD 232288
LD 232320
LD 232352
LD 232384
LD 232416
LD 232448
LD 232480
LD 232512
LD 232544
LD 232576
LD 232608
LD 232640
LD 232672
LD 232704
LD 232736
LD 232768
LD 232800
LD 232832
LD 232864
LD 232896
LD 232928
LD 232960
LD 232992
LD 233024
LD 233056
LD 233088
LD 233120
LD 233152
LD 233184
LD 233216
LD 233248
LD 233280
LD 233312
LD 233344
LD 233376
LD 233408
LD 233440
LD 233472
LD 233504
LD 233536
LD 233568
LD 233600
LD 233632
LD 233664
LD 233696
LD 233728
LD 233760
LD 233792
LD 233824
LD 233856
LD 233888
LD 233920
LD 233952
LD 233984
LD 234016
LD 234048
LD 234080
LD 234112
LD 234144
LD 234176
LD 234208
LD 234240
LD 234272
LD 234304
LD 234336
LD 234368
LD 234400
LD 234432
LD 234464
LD 234496
LD 234528
LD 234560
LD 234592
LD 234624
LD 234656
LD 234688
LD 234720
LD 234752
LD 234784
LD 234816
LD 234848
LD 234880
LD 234912
LD 234944
LD 234976
LD 235008
LD 235040
LD 235072
LD 235104
LD 235136
LD 235168
LD 235200
LD 235232
LD 235264
LD 235296
LD 235328
LD 235360
LD 235392
LD 235424
LD 235456
LD 235488
LD 235520
LD 235552
LD 235584
LD 235616
LD 235648
LD 235680
LD 235712
LD 235744
LD 235776
LD 235808
LD 235840
LD 235872
LD 235904
LD 235936
LD 235968
LD 236000
LD 236032
LD 236064
LD 236096
LD 236128
LD 236160
LD 236192
LD 236224
LD 236256
LD 236288
LD 236320
LD 236352
LD 236384
LD 236416
LD 236448
LD 236480
LD 236512
LD 236544
LD 236576
LD 236608
LD 236640
LD 236672
LD 236704
LD 236736
LD 236768
LD 236800
LD 236832
LD 236864
LD 236896
LD 236928
LD 236960
LD 236992
LD 237024
LD 237056
LD 237088
LD 237120
LD 237152
LD 237184
LD 237216
LD 237248
LD 237280
LD 237312
LD 237344
LD 237376
LD 237408
LD 237440
LD 237472
LD 237504
LD 237536
LD 237568
LD 237600
LD 237632
LD 237664
LD 237696
LD 237728
LD 237760
LD 237792
LD 237824
LD 237856
LD 237888
LD 237920
LD 237952
LD 237984
LD 238016
LD 238048
LD 238080
LD 238112
LD 238144
LD 238176
LD 238208
LD 238240
LD 238272
LD 238304
LD 238336
LD 238368
LD 238400
LD 238432
LD 238464
LD 238496
LD 238528
LD 238560
LD 238592
LD 238624
LD 238656
LD 238688
LD 238720
LD 238752
LD 238784
LD 238816
LD 238848
LD 238880
LD 238912
LD 238944
LD 238976
LD 239008
LD 239040
LD 239072
LD 239104
LD 239136
LD 239168
LD 239200
LD 239232
LD 239264
LD 239296
LD 239328
LD 239360
LD 239392
LD 239424
LD 239456
LD 239488
LD 239520
LD 239552
LD 239584
LD 239616
LD 239648
LD 239680
LD 239712
LD 239744
LD 239776
LD 239808
LD 239840
LD 239872
LD 239904
LD 239936
LD 239968
LD 240000
LD 240032
LD 240064
LD 240096
LD 240128
LD 240160
LD 240192
LD 240224
LD 240256
LD 240288
LD 240320
LD 240352
LD 240384
LD 240416
LD 240448
LD 240480
LD 240512
LD 240544
LD 240576
LD 240608
LD 240640
LD 240672
LD 240704
LD 240736
LD 240768
LD 240800
LD 240832
LD 240864
LD 240896
LD 240928
LD 240960
LD 240992
LD 241024
LD 241056
LD 241088
LD 241120
LD 241152
LD 241184
LD 241216
LD 241248
LD 241280
LD 241312
LD 241344
LD 241376
LD 241408
LD 241440
LD 241472
LD 241504
LD 241536
LD 241568
LD 241600
LD 241632
LD 241664
LD 241696
LD 241728
LD 241760
LD 241792
LD 241824
LD 241856
LD 241888
LD 241920
LD 241952
LD 241984
LD 242016
LD 242048
LD 242080
LD 242112
LD 242144
LD 242176
LD 242208
LD 242240
LD 242272
LD 242304
LD 242336
LD 242368
LD 242400
LD 242432
LD 242464
LD 242496
LD 242528
LD 242560
LD 242592
LD 242624
LD 242656
LD 242688
LD 242720
LD 242752
LD 242784
LD 242816
LD 242848
LD 242880
LD 242912
LD 242944
LD 242976
LD 243008
LD 243040
LD 243072
LD 243104
LD 243136
LD 243168
LD 243200
LD 243232
LD 243264
LD 243296
LD 243328
LD 243360
LD 243392
LD 243424
LD 243456
LD 243488
LD 243520
LD 243552
LD 243584
LD 243616
LD 243648
LD 243680
LD 243712
LD 243744
LD 243776
LD 243808
LD 243840
LD 243872
LD 243904
LD 243936
LD 243968
LD 244000
LD 244032
LD 244064
LD 244096
LD 244128
LD 244160
LD 244192
LD 244224
LD 244256
LD 244288
LD 244320
LD 244352
LD 244384
LD 244416
LD 244448
LD 244480
LD 244512
LD 244544
LD 244576
LD 244608
LD 244640
LD 244672
LD 244704
LD 244736
LD 244768
LD 244800
LD 244832
LD 244864
LD 244896
LD 244928
LD 244960
LD 244992
LD 245024
LD 245056
LD 245088
LD 245120
LD 245152
LD 245184
LD 245216
LD 245248
LD 245280
LD 245312
LD 245344
LD 245376
LD 245408
LD 245440
LD 245472
LD 245504
LD 245536
LD 245568
LD 245600
LD 245632
LD 245664
LD 245696
LD 245728
LD 245760
LD 245792
LD 245824
LD 245856
LD 245888
LD 245920
LD 245952
LD 245984
LD 246016
LD 246048
LD 246080
LD 246112
LD 246144
LD 246176
LD 246208
LD 246240
LD 246272
LD 246304
LD 246336
LD 246368
LD 246400
LD 246432
LD 246464
LD 246496
LD 246528
LD 246560
LD 246592
LD 246624
LD 246656
LD 246688
LD 246720
LD 246752
LD 246784
LD 246816
LD 246848
LD 246880
LD 246912
LD 246944
LD 246976
LD 247008
LD 247040
LD 247072
LD 247104
LD 247136
LD 247168
LD 247200
LD 247232
LD 247264
LD 247296
LD 247328
LD 247360
LD 247392
LD 247424
LD 247456
LD 247488
LD 247520
LD 247552
LD 247584
LD 247616
LD 247648
LD 247680
LD 247712
LD 247744
LD 247776
LD 247808
LD 247840
LD 247872
LD 247904
LD 247936
LD 247968
LD 248000
LD 248032
LD 248064
LD 248096
LD 248128
LD 248160
LD 248192
LD 248224
LD 248256
LD 248288
LD 248320
LD 248352
LD 248384
LD 248416
LD 248448
LD 248480
LD 248512
LD 248544
LD 248576
LD 248608
LD 248640
LD 248672
LD 248704
LD 248736
LD 248768
LD 248800
LD 248832
LD 248864
LD 248896
LD 248928
LD 248960
LD 248992
LD 249024
LD 249056
LD 249088
LD 249120
LD 249152
LD 249184
LD 249216
LD 249248
LD 249280
LD 249312
LD 249344
LD 249376
LD 249408
LD 249440
LD 249472
LD 249504
LD 249536
LD 249568
LD 249600
LD 249632
LD 249664
LD 249696
LD 249728
LD 249760
LD 249792
LD 249824
LD 249856
LD 249888
LD 249920
LD 249952
LD 249984
LD 250016
LD 250048
LD 250080
LD 250112
LD 250144
LD 250176
LD 250208
LD 250240
LD 250272
LD 250304
LD 250336
LD 250368
LD 250400
LD 250432
LD 250464
LD 250496
LD 250528
LD 250560
LD 250592
LD 250624
LD 250656
LD 250688
LD 250720
LD 250752
LD 250784
LD 250816
LD 250848
LD 250880
LD 250912
LD 250944
LD 250976
LD 251008
LD 251040
LD 251072
LD 251104
LD 251136
LD 251168
LD 251200
LD 251232
LD 251264
LD 251296
LD 251328
LD 251360
LD 251392
LD 251424
LD 251456
LD 251488
LD 251520
LD 251552
LD 251584
LD 251616
LD 251648
LD 251680
LD 251712
LD 251744
LD 251776
LD 251808
LD 251840
LD 251872
LD 251904
LD 251936
LD 251968
LD 252000
LD 252032
LD 252064
LD 252096
LD 252128
LD 252160
LD 252192
LD 252224
LD 252256
LD 252288
LD 252320
LD 252352
LD 252384
LD 252416
LD 252448
LD 252480
LD 252512
LD 252544
LD 252576
LD 252608
LD 252640
LD 252672
LD 252704
LD 252736
LD 252768
LD 252800
LD 252832
LD 252864
LD 252896
LD 252928
LD 252960
LD 252992
LD 253024
LD 253056
LD 253088
LD 253120
LD 253152
LD 253184
LD 253216
LD 253248
LD 253280
LD 253312
LD 253344
LD 253376
LD 253408
LD 253440
LD 253472
LD 253504
LD 253536
LD 253568
LD 253600
LD 253632
LD 253664
LD 253696
LD 253728
LD 253760
LD 253792
LD 253824
LD 253856
LD 253888
LD 253920
LD 253952
LD 253984
LD 254016
LD 254048
LD 254080
LD 254112
LD 254144
LD 254176
LD 254208
LD 254240
LD 254272
LD 254304
LD 254336
LD 254368
LD 254400
LD 254432
LD 254464
LD 254496
LD 254528
LD 254560
LD 254592
LD 254624
LD 254656
LD 254688
LD 254720
LD 254752
LD 254784
LD 254816
LD 254848
LD 254880
LD 254912
LD 254944
LD 254976
LD 255008
LD 255040
LD 255072
LD 255104
LD 255136
LD 255168
LD 255200
LD 255232
LD 255264
LD 255296
LD 255328
LD 255360
LD 255392
LD 255424
LD 255456
LD 255488
LD 255520
LD 255552
LD 255584
LD 255616
LD 255648
LD 255680
LD 255712
LD 255744
LD 255776
LD 255808
LD 255840
LD 255872
LD 255904
LD 255936
LD 255968
LD 256000
LD 256032
LD 256064
LD 256096
LD 256128
LD 256160
LD 256192
LD 256224
LD 256256
LD 256288
LD 256320
LD 256352
LD 256384
LD 256416
LD 256448
LD 256480
LD 256512
LD 256544
LD 256576
LD 256608
LD 256640
LD 256672
LD 256704
LD 256736
LD 256768
LD 256800
LD 256832
LD 256864
LD 256896
LD 256928
LD 256960
LD 256992
LD 257024
LD 257056
LD 257088
LD 257120
LD 257152
LD 257184
LD 257216
LD 257248
LD 257280
LD 257312
LD 257344
LD 257376
LD 257408
LD 257440
LD 257472
LD 257504
LD 257536
LD 257568
LD 257600
LD 257632
LD 257664
LD 257696
LD 257728
LD 257760
LD 257792
LD 257824
LD 257856
LD 257888
LD 257920
LD 257952
LD 257984
LD 258016
LD 258048
LD 258080
LD 258112
LD 258144
LD 258176
LD 258208
LD 258240
LD 258272
LD 258304
LD 258336
LD 258368
LD 258400
LD 258432
LD 258464
LD 258496
LD 258528
LD 258560
LD 258592
LD 258624
LD 258656
LD 258688
LD 258720
LD 258752
LD 258784
LD 258816
LD 258848
LD 258880
LD 258912
LD 258944
LD 258976
LD 259008
LD 259040
LD 259072
LD 259104
LD 259136
LD 259168
LD 259200
LD 259232
LD 259264
LD 259296
LD 259328
LD 259360
LD 259392
LD 259424
LD 259456
LD 259488
LD 259520
LD 259552
LD 259584
LD 259616
LD 259648
LD 259680
LD 259712
LD 259744
LD 259776
LD 259808
LD 259840
LD 259872
LD 259904
LD 259936
LD 259968
LD 260000
LD 260032
LD 260064
LD 260096
LD 260128
LD 260160
LD 260192
LD 260224
LD 260256
LD 260288
LD 260320
LD 260352
LD 260384
LD 260416
LD 260448
LD 260480
LD 260512
LD 260544
LD 260576
LD 260608
LD 260640
LD 260672
LD 260704
LD 260736
LD 260768
LD 260800
LD 260832
LD 260864
LD 260896
LD 260928
LD 260960
LD 260992
LD 261024
LD 261056
LD 261088
LD 261120
LD 261152
LD 261184
LD 261216
LD 261248
LD 261280
LD 261312
LD 261344
LD 261376
LD 261408
LD 261440
LD 261472
LD 261504
LD 261536
LD 261568
LD 261600
LD 261632
LD 261664
LD 261696
LD 261728
LD 261760
LD 261792
LD 261824
LD 261856
LD 261888
LD 261920
LD 261952
LD 261984
LD 262016
LD 262048
LD 262080
LD 262112
LD 262144
LD 262176
LD 262208
LD 262240
LD 262272
LD 262304
LD 262336
LD 262368
LD 262400
LD 262432
LD 262464
LD 262496
LD 262528
LD 262560
LD 262592
LD 262624
LD 262656
LD 262688
LD 262720
LD 262752
LD 262784
LD 262816
LD 262848
LD 262880
LD 262912
LD 262944
LD 262976
LD 263008
LD 263040
LD 263072
LD 263104
LD 263136
LD 263168
LD 263200
LD 263232
LD 263264
LD 263296
LD 263328
LD 263360
LD 263392
LD 263424
LD 263456
LD 263488
LD 263520
LD 263552
LD 263584
LD 263616
LD 263648
LD 263680
LD 263712
LD 263744
LD 263776
LD 263808
LD 263840
LD 263872
LD 263904
LD 263936
LD 263968
LD 264000
LD 264032
LD 264064
LD 264096
LD 264128
LD 264160
LD 264192
LD 264224
LD 264256
LD 264288
LD 264320
LD 264352
LD 264384
LD 264416
LD 264448
LD 264480
LD 264512
LD 264544
LD 264576
LD 264608
LD 264640
LD 264672
LD 264704
LD 264736
LD 264768
LD 264800
LD 264832
LD 264864
LD 264896
LD 264928
LD 264960
LD 264992
LD 265024
LD 265056
LD 265088
LD 265120
LD 265152
LD 265184
LD 265216
LD 265248
LD 265280
LD 265312
LD 265344
LD 265376
LD 265408
LD 265440
LD 265472
LD 265504
LD 265536
LD 265568
LD 265600
LD 265632
LD 265664
LD 265696
LD 265728
LD 265760
LD 265792
LD 265824
LD 265856
LD 265888
LD 265920
LD 265952
LD 265984
LD 266016
LD 266048
LD 266080
LD 266112
LD 266144
LD 266176
LD 266208
LD 266240
LD 266272
LD 266304
LD 266336
LD 266368
LD 266400
LD 266432
LD 266464
LD 266496
LD 266528
LD 266560
LD 266592
LD 266624
LD 266656
LD 266688
LD 266720
LD 266752
LD 266784
LD 266816
LD 266848
LD 266880
LD 266912
LD 266944
LD 266976
LD 267008
LD 267040
LD 267072
LD 267104
LD 267136
LD 267168
LD 267200
LD 267232
LD 267264
LD 267296
LD 267328
LD 267360
LD 267392
LD 267424
LD 267456
LD 267488
LD 267520
LD 267552
LD 267584
LD 267616
LD 267648
LD 267680
LD 267712
LD 267744
LD 267776
LD 267808
LD 267840
LD 267872
LD 267904
LD 267936
LD 267968
LD 268000
LD 268032
LD 268064
LD 268096
LD 268128
LD 268160
LD 268192
LD 268224
LD 268256
LD 268288
LD 268320
LD 268352
LD 268384
LD 268416
LD 268448
LD 268480
LD 268512
LD 268544
LD 268576
LD 268608
LD 268640
LD 268672
LD 268704
LD 268736
LD 268768
LD 268800
LD 268832
LD 268864
LD 268896
LD 268928
LD 268960
LD 268992
LD 269024
LD 269056
LD 269088
LD 269120
LD 269152
LD 269184
LD 269216
LD 269248
LD 269280
LD 269312
LD 269344
LD 269376
LD 269408
LD 269440
LD 269472
LD 269504
LD 269536
LD 269568
LD 269600
LD 269632
LD 269664
LD 269696
LD 269728
LD 269760
LD 269792
LD 269824
LD 269856
LD 269888
LD 269920
LD 269952
LD 269984
LD 270016
LD 270048
LD 270080
LD 270112
LD 270144
LD 270176
LD 270208
LD 270240
LD 270272
LD 270304
LD 270336
LD 270368
LD 270400
LD 270432
LD 270464
LD 270496
LD 270528
LD 270560
LD 270592
LD 270624
LD 270656
LD 270688
LD 270720
LD 270752
LD 270784
LD 270816
LD 270848
LD 270880
LD 270912
LD 270944
LD 270976
LD 271008
LD 271040
LD 271072
LD 271104
LD 271136
LD 271168
LD 271200
LD 271232
LD 271264
LD 271296
LD 271328
LD 271360
LD 271392
LD 271424
LD 271456
LD 271488
LD 271520
LD 271552
LD 271584
LD 271616
LD 271648
LD 271680
LD 271712
LD 271744
LD 271776
LD 271808
LD 271840
LD 271872
LD 271904
LD 271936
LD 271968
LD 272000
LD 272032
LD 272064
LD 272096
LD 272128
LD 272160
LD 272192
LD 272224
LD 272256
LD 272288
LD 272320
LD 272352
LD 272384
LD 272416
LD 272448
LD 272480
LD 272512
LD 272544
LD 272576
LD 272608
LD 272640
LD 272672
LD 272704
LD 272736
LD 272768
LD 272800
LD 272832
LD 272864
LD 272896
LD 272928
LD 272960
LD 272992
LD 273024
LD 273056
LD 273088
LD 273120
LD 273152
LD 273184
LD 273216
LD 273248
LD 273280
LD 273312
LD 273344
LD 273376
LD 273408
LD 273440
LD 273472
LD 273504
LD 273536
LD 273568
LD 273600
LD 273632
LD 273664
LD 273696
LD 273728
LD 273760
LD 273792
LD 273824
LD 273856
LD 273888
LD 273920
LD 273952
LD 273984
LD 274016
LD 274048
LD 274080
LD 274112
LD 274144
LD 274176
LD 274208
LD 274240
LD 274272
LD 274304
LD 274336
LD 274368
LD 274400
LD 274432
LD 274464
LD 274496
LD 274528
LD 274560
LD 274592
LD 274624
LD 274656
LD 274688
LD 274720
LD 274752
LD 274784
LD 274816
LD 274848
LD 274880
LD 274912
LD 274944
LD 274976
LD 275008
LD 275040
LD 275072
LD 275104
LD 275136
LD 275168
LD 275200
LD 275232
LD 275264
LD 275296
LD 275328
LD 275360
LD 275392
LD 275424
LD 275456
LD 275488
LD 275520
LD 275552
LD 275584
LD 275616
LD 275648
LD 275680
LD 275712
LD 275744
LD 275776
LD 275808
LD 275840
LD 275872
LD 275904
LD 275936
LD 275968
LD 276000
LD 276032
LD 276064
LD 276096
LD 276128
LD 276160
LD 276192
LD 276224
LD 276256
LD 276288
LD 276320
LD 276352
LD 276384
LD 276416
LD 276448
LD 276480
LD 276512
LD 276544
LD 276576
LD 276608
LD 276640
LD 276672
LD 276704
LD 276736
LD 276768
LD 276800
LD 276832
LD 276864
LD 276896
LD 276928
LD 276960
LD 276992
LD 277024
LD 277056
LD 277088
LD 277120
LD 277152
LD 277184
LD 277216
LD 277248
LD 277280
LD 277312
LD 277344
LD 277376
LD 277408
LD 277440
LD 277472
LD 277504
LD 277536
LD 277568
LD 277600
LD 277632
LD 277664
LD 277696
LD 277728
LD 277760
LD 277792
LD 277824
LD 277856
LD 277888
LD 277920
LD 277952
LD 277984
LD 278016
LD 278048
LD 278080
LD 278112
LD 278144
LD 278176
LD 278208
LD 278240
LD 278272
LD 278304
LD 278336
LD 278368
LD 278400
LD 278432
LD 278464
LD 278496
LD 278528
LD 278560
LD 278592
LD 278624
LD 278656
LD 278688
LD 278720
LD 278752
LD 278784
LD 278816
LD 278848
LD 278880
LD 278912
LD 278944
LD 278976
LD 279008
LD 279040
LD 279072
LD 279104
LD 279136
LD 279168
LD 279200
LD 279232
LD 279264
LD 279296
LD 279328
LD 279360
LD 279392
LD 279424
LD 279456
LD 279488
LD 279520
LD 279552
LD 279584
LD 279616
LD 279648
LD 279680
LD 279712
LD 279744
LD 279776
LD 279808
LD 279840
LD 279872
LD 279904
LD 279936
LD 279968
LD 280000
LD 280032
LD 280064
LD 280096
LD 280128
LD 280160
LD 280192
LD 280224
LD 280256
LD 280288
LD 280320
LD 280352
LD 280384
LD 280416
LD 280448
LD 280480
LD 280512
LD 280544
LD 280576
LD 280608
LD 280640
LD 280672
LD 280704
LD 280736
LD 280768
LD 280800
LD 280832
LD 280864
LD 280896
LD 280928
LD 280960
LD 280992
LD 281024
LD 281056
LD 281088
LD 281120
LD 281152
LD 281184
LD 281216
LD 281248
LD 281280
LD 281312
LD 281344
LD 281376
LD 281408
LD 281440
LD 281472
LD 281504
LD 281536
LD 281568
LD 281600
LD 281632
LD 281664
LD 281696
LD 281728
LD 281760
LD 281792
LD 281824
LD 281856
LD 281888
LD 281920
LD 281952
LD 281984
LD 282016
LD 282048
LD 282080
LD 282112
LD 282144
LD 282176
LD 282208
LD 282240
LD 282272
LD 282304
LD 282336
LD 282368
LD 282400
LD 282432
LD 282464
LD 282496
LD 282528
LD 282560
LD 282592
LD 282624
LD 282656
LD 282688
LD 282720
LD 282752
LD 282784
LD 282816
LD 282848
LD 282880
LD 282912
LD 282944
LD 282976
LD 283008
LD 283040
LD 283072
LD 283104
LD 283136
LD 283168
LD 283200
LD 283232
LD 283264
LD 283296
LD 283328
LD 283360
LD 283392
LD 283424
LD 283456
LD 283488
LD 283520
LD 283552
LD 283584
LD 283616
LD 283648
LD 283680
LD 283712
LD 283744
LD 283776
LD 283808
LD 283840
LD 283872
LD 283904
LD 283936
LD 283968
LD 284000
LD 284032
LD 284064
LD 284096
LD 284128
LD 284160
LD 284192
LD 284224
LD 284256
LD 284288
LD 284320
LD 284352
LD 284384
LD 284416
LD 284448
LD 284480
LD 284512
LD 284544
LD 284576
LD 284608
LD 284640
LD 284672
LD 284704
LD 284736
LD 284768
LD 284800
LD 284832
LD 284864
LD 284896
LD 284928
LD 284960
LD 284992
LD 285024
LD 285056
LD 285088
LD 285120
LD 285152
LD 285184
LD 285216
LD 285248
LD 285280
LD 285312
LD 285344
LD 285376
LD 285408
LD 285440
LD 285472
LD 285504
LD 285536
LD 285568
LD 285600
LD 285632
LD 285664
LD 285696
LD 285728
LD 285760
LD 285792
LD 285824
LD 285856
LD 285888
LD 285920
LD 285952
LD 285984
LD 286016
LD 286048
LD 286080
LD 286112
LD 286144
LD 286176
LD 286208
LD 286240
LD 286272
LD 286304
LD 286336
LD 286368
LD 286400
LD 286432
LD 286464
LD 286496
LD 286528
LD 286560
LD 286592
LD 286624
LD 286656
LD 286688
LD 286720
LD 286752
LD 286784
LD 286816
LD 286848
LD 286880
LD 286912
LD 286944
LD 286976
LD 287008
LD 287040
LD 287072
LD 287104
LD 287136
LD 287168
LD 287200
LD 287232
LD 287264
LD 287296
LD 287328
LD 287360
LD 287392
LD 287424
LD 287456
LD 287488
LD 287520
LD 287552
LD 287584
LD 287616
LD 287648
LD 287680
LD 287712
LD 287744
LD 287776
LD 287808
LD 287840
LD 287872
LD 287904
LD 287936
LD 287968
LD 288000
LD 288032
LD 288064
LD 288096
LD 288128
LD 288160
LD 288192
LD 288224
LD 288256
LD 288288
LD 288320
LD 288352
LD 288384
LD 288416
LD 288448
LD 288480
LD 288512
LD 288544
LD 288576
LD 288608
LD 288640
LD 288672
LD 288704
LD 288736
LD 288768
LD 288800
LD 288832
LD 288864
LD 288896
LD 288928
LD 288960
LD 288992
LD 289024
LD 289056
LD 289088
LD 289120
LD 289152
LD 289184
LD 289216
LD 289248
LD 289280
LD 289312
LD 289344
LD 289376
LD 289408
LD 289440
LD 289472
LD 289504
LD 289536
LD 289568
LD 289600
LD 289632
LD 289664
LD 289696
LD 289728
LD 289760
LD 289792
LD 289824
LD 289856
LD 289888
LD 289920
LD 289952
LD 289984
LD 290016
LD 290048
LD 290080
LD 290112
LD 290144
LD 290176
LD 290208
LD 290240
LD 290272
LD 290304
LD 290336
LD 290368
LD 290400
LD 290432
LD 290464
LD 290496
LD 290528
LD 290560
LD 290592
LD 290624
LD 290656
LD 290688
LD 290720
LD 290752
LD 290784
LD 290816
LD 290848
LD 290880
LD 290912
LD 290944
LD 290976
LD 291008
LD 291040
LD 291072
LD 291104
LD 291136
LD 291168
LD 291200
LD 291232
LD 291264
LD 291296
LD 291328
LD 291360
LD 291392
LD 291424
LD 291456
LD 291488
LD 291520
LD 291552
LD 291584
LD 291616
LD 291648
LD 291680
LD 291712
LD 291744
LD 291776
LD 291808
LD 291840
LD 291872
LD 291904
LD 291936
LD 291968
LD 292000
LD 292032
LD 292064
LD 292096
LD 292128
LD 292160
LD 292192
LD 292224
LD 292256
LD 292288
LD 292320
LD 292352
LD 292384
LD 292416
LD 292448
LD 292480
LD 292512
LD 292544
LD 292576
LD 292608
LD 292640
LD 292672
LD 292704
LD 292736
LD 292768
LD 292800
LD 292832
LD 292864
LD 292896
LD 292928
LD 292960
LD 292992
LD 293024
LD 293056
LD 293088
LD 293120
LD 293152
LD 293184
LD 293216
LD 293248
LD 293280
LD 293312
LD 293344
LD 293376
LD 293408
LD 293440
LD 293472
LD 293504
LD 293536
LD 293568
LD 293600
LD 293632
LD 293664
LD 293696
LD 293728
LD 293760
LD 293792
LD 293824
LD 293856
LD 293888
LD 293920
LD 293952
LD 293984
LD 294016
LD 294048
LD 294080
LD 294112
LD 294144
LD 294176
LD 294208
LD 294240
LD 294272
LD 294304
LD 294336
LD 294368
LD 294400
LD 294432
LD 294464
LD 294496
LD 294528
LD 294560
LD 294592
LD 294624
LD 294656
LD 294688
LD 294720
LD 294752
LD 294784
LD 294816
LD 294848
LD 294880
LD 294912
LD 294944
LD 294976
LD 295008
LD 295040
LD 295072
LD 295104
LD 295136
LD 295168
LD 295200
LD 295232
LD 295264
LD 295296
LD 295328
LD 295360
LD 295392
LD 295424
LD 295456
LD 295488
LD 295520
LD 295552
LD 295584
LD 295616
LD 295648
LD 295680
LD 295712
LD 295744
LD 295776
LD 295808
LD 295840
LD 295872
LD 295904
LD 295936
LD 295968
LD 296000
LD 296032
LD 296064
LD 296096
LD 296128
LD 296160
LD 296192
LD 296224
LD 296256
LD 296288
LD 296320
LD 296352
LD 296384
LD 296416
LD 296448
LD 296480
LD 296512
LD 296544
LD 296576
LD 296608
LD 296640
LD 296672
LD 296704
LD 296736
LD 296768
LD 296800
LD 296832
LD 296864
LD 296896
LD 296928
LD 296960
LD 296992
LD 297024
LD 297056
LD 297088
LD 297120
LD 297152
LD 297184
LD 297216
LD 297248
LD 297280
LD 297312
LD 297344
LD 297376
LD 297408
LD 297440
LD 297472
LD 297504
LD 297536
LD 297568
LD 297600
LD 297632
LD 297664
LD 297696
LD 297728
LD 297760
LD 297792
LD 297824
LD 297856
LD 297888
LD 297920
LD 297952
LD 297984
LD 298016
LD 298048
LD 298080
LD 298112
LD 298144
LD 298176
LD 298208
LD 298240
LD 298272
LD 298304
LD 298336
LD 298368
LD 298400
LD 298432
LD 298464
LD 298496
LD 298528
LD 298560
LD 298592
LD 298624
LD 298656
LD 298688
LD 298720
LD 298752
LD 298784
LD 298816
LD 298848
LD 298880
LD 298912
LD 298944
LD 298976
LD 299008
LD 299040
LD 299072
LD 299104
LD 299136
LD 299168
LD 299200
LD 299232
LD 299264
LD 299296
LD 299328
LD 299360
LD 299392
LD 299424
LD 299456
LD 299488
LD 299520
LD 299552
LD 299584
LD 299616
LD 299648
LD 299680
LD 299712
LD 299744
LD 299776
LD 299808
LD 299840
LD 299872
LD 299904
LD 299936
LD 299968
LD 300000
LD 300032
LD 300064
LD 300096
LD 300128
LD 300160
LD 300192
LD 300224
LD 300256
LD 300288
LD 300320
LD 300352
LD 300384
LD 300416
LD 300448
LD 300480
LD 300512
LD 300544
LD 300576
LD 300608
LD 300640
LD 300672
LD 300704
LD 300736
LD 300768
LD 300800
LD 300832
LD 300864
LD 300896
LD 300928
LD 300960
LD 300992
LD 301024
LD 301056
LD 301088
LD 301120
LD 301152
LD 301184
LD 301216
LD 301248
LD 301280
LD 301312
LD 301344
LD 301376
LD 301408
LD 301440
LD 301472
LD 301504
LD 301536
LD 301568
LD 301600
LD 301632
LD 301664
LD 301696
LD 301728
LD 301760
LD 301792
LD 301824
LD 301856
LD 301888
LD 301920
LD 301952
LD 301984
LD 302016
LD 302048
LD 302080
LD 302112
LD 302144
LD 302176
LD 302208
LD 302240
LD 302272
LD 302304
LD 302336
LD 302368
LD 302400
LD 302432
LD 302464
LD 302496
LD 302528
LD 302560
LD 302592
LD 302624
LD 302656
LD 302688
LD 302720
LD 302752
LD 302784
LD 302816
LD 302848
LD 302880
LD 302912
LD 302944
LD 302976
LD 303008
LD 303040
LD 303072
LD 303104
LD 303136
LD 303168
LD 303200
LD 303232
LD 303264
LD 303296
LD 303328
LD 303360
LD 303392
LD 303424
LD 303456
LD 303488
LD 303520
LD 303552
LD 303584
LD 303616
LD 303648
LD 303680
LD 303712
LD 303744
LD 303776
LD 303808
LD 303840
LD 303872
LD 303904
LD 303936
LD 303968
LD 304000
LD 304032
LD 304064
LD 304096
LD 304128
LD 304160
LD 304192
LD 304224
LD 304256
LD 304288
LD 304320
LD 304352
LD 304384
LD 304416
LD 304448
LD 304480
LD 304512
LD 304544
LD 304576
LD 304608
LD 304640
LD 304672
LD 304704
LD 304736
LD 304768
LD 304800
LD 304832
LD 304864
LD 304896
LD 304928
LD 304960
LD 304992
LD 305024
LD 305056
LD 305088
LD 305120
LD 305152
LD 305184
LD 305216
LD 305248
LD 305280
LD 305312
LD 305344
LD 305376
LD 305408
LD 305440
LD 305472
LD 305504
LD 305536
LD 305568
LD 305600
LD 305632
LD 305664
LD 305696
LD 305728
LD 305760
LD 305792
LD 305824
LD 305856
LD 305888
LD 305920
LD 305952
LD 305984
LD 306016
LD 306048
LD 306080
LD 306112
LD 306144
LD 306176
LD 306208
LD 306240
LD 306272
LD 306304
LD 306336
LD 306368
LD 306400
LD 306432
LD 306464
LD 306496
LD 306528
LD 306560
LD 306592
LD 306624
LD 306656
LD 306688
LD 306720
LD 306752
LD 306784
LD 306816
LD 306848
LD 306880
LD 306912
LD 306944
LD 306976
LD 307008
LD 307040
LD 307072
LD 307104
LD 307136
LD 307168
LD 307200
LD 307232
LD 307264
LD 307296
LD 307328
LD 307360
LD 307392
LD 307424
LD 307456
LD 307488
LD 307520
LD 307552
LD 307584
LD 307616
LD 307648
LD 307680
LD 307712
LD 307744
LD 307776
LD 307808
LD 307840
LD 307872
LD 307904
LD 307936
LD 307968
LD 308000
LD 308032
LD 308064
LD 308096
LD 308128
LD 308160
LD 308192
LD 308224
LD 308256
LD 308288
LD 308320
LD 308352
LD 308384
LD 308416
LD 308448
LD 308480
LD 308512
LD 308544
LD 308576
LD 308608
LD 308640
LD 308672
LD 308704
LD 308736
LD 308768
LD 308800
LD 308832
LD 308864
LD 308896
LD 308928
LD 308960
LD 308992
LD 309024
LD 309056
LD 309088
LD 309120
LD 309152
LD 309184
LD 309216
LD 309248
LD 309280
LD 309312
LD 309344
LD 309376
LD 309408
LD 309440
LD 309472
LD 309504
LD 309536
LD 309568
LD 309600
LD 309632
LD 309664
LD 309696
LD 309728
LD 309760
LD 309792
LD 309824
LD 309856
LD 309888
LD 309920
LD 309952
LD 309984
LD 310016
LD 310048
LD 310080
LD 310112
LD 310144
LD 310176
LD 310208
LD 310240
LD 310272
LD 310304
LD 310336
LD 310368
LD 310400
LD 310432
LD 310464
LD 310496
LD 310528
LD 310560
LD 310592
LD 310624
LD 310656
LD 310688
LD 310720
LD 310752
LD 310784
LD 310816
LD 310848
LD 310880
LD 310912
LD 310944
LD 310976
LD 311008
LD 311040
LD 311072
LD 311104
LD 311136
LD 311168
LD 311200
LD 311232
LD 311264
LD 311296
LD 311328
LD 311360
LD 311392
LD 311424
LD 311456
LD 311488
LD 311520
LD 311552
LD 311584
LD 311616
LD 311648
LD 311680
LD 311712
LD 311744
LD 311776
LD 311808
LD 311840
LD 311872
LD 311904
LD 311936
LD 311968
LD 312000
LD 312032
LD 312064
LD 312096
LD 312128
LD 312160
LD 312192
LD 312224
LD 312256
LD 312288
LD 312320
LD 312352
LD 312384
LD 312416
LD 312448
LD 312480
LD 312512
LD 312544
LD 312576
LD 312608
LD 312640
LD 312672
LD 312704
LD 312736
LD 312768
LD 312800
LD 312832
LD 312864
LD 312896
LD 312928
LD 312960
LD 312992
LD 313024
LD 313056
LD 313088
LD 313120
LD 313152
LD 313184
LD 313216
LD 313248
LD 313280
LD 313312
LD 313344
LD 313376
LD 313408
LD 313440
LD 313472
LD 313504
LD 313536
LD 313568
LD 313600
LD 313632
LD 313664
LD 313696
LD 313728
LD 313760
LD 313792
LD 313824
LD 313856
LD 313888
LD 313920
LD 313952
LD 313984
LD 314016
LD 314048
LD 314080
LD 314112
LD 314144
LD 314176
LD 314208
LD 314240
LD 314272
LD 314304
LD 314336
LD 314368
LD 314400
LD 314432
LD 314464
LD 314496
LD 314528
LD 314560
LD 314592
LD 314624
LD 314656
LD 314688
LD 314720
LD 314752
LD 314784
LD 314816
LD 314848
LD 314880
LD 314912
LD 314944
LD 314976
LD 315008
LD 315040
LD 315072
LD 315104
LD 315136
LD 315168
LD 315200
LD 315232
LD 315264
LD 315296
LD 315328
LD 315360
LD 315392
LD 315424
LD 315456
LD 315488
LD 315520
LD 315552
LD 315584
LD 315616
LD 315648
LD 315680
LD 315712
LD 315744
LD 315776
LD 315808
LD 315840
LD 315872
LD 315904
LD 315936
LD 315968
LD 316000
LD 316032
LD 316064
LD 316096
LD 316128
LD 316160
LD 316192
LD 316224
LD 316256
LD 316288
LD 316320
LD 316352
LD 316384
LD 316416
LD 316448
LD 316480
LD 316512
LD 316544
LD 316576
LD 316608
LD 316640
LD 316672
LD 316704
LD 316736
LD 316768
LD 316800
LD 316832
LD 316864
LD 316896
LD 316928
LD 316960
LD 316992
LD 317024
LD 317056
LD 317088
LD 317120
LD 317152
LD 317184
LD 317216
LD 317248
LD 317280
LD 317312
LD 317344
LD 317376
LD 317408
LD 317440
LD 317472
LD 317504
LD 317536
LD 317568
LD 317600
LD 317632
LD 317664
LD 317696
LD 317728
LD 317760
LD 317792
LD 317824
LD 317856
LD 317888
LD 317920
LD 317952
LD 317984
LD 318016
LD 318048
LD 318080
LD 318112
LD 318144
LD 318176
LD 318208
LD 318240
LD 318272
LD 318304
LD 318336
LD 318368
LD 318400
LD 318432
LD 318464
LD 318496
LD 318528
LD 318560
LD 318592
LD 318624
LD 318656
LD 318688
LD 318720
LD 318752
LD 318784
LD 318816
LD 318848
LD 318880
LD 318912
LD 318944
LD 318976
LD 319008
LD 319040
LD 319072
LD 319104
LD 319136
LD 319168
LD 319200
LD 319232
LD 319264
LD 319296
LD 319328
LD 319360
LD 319392
LD 319424
LD 319456
LD 319488
LD 319520
LD 319552
LD 319584
LD 319616
LD 319648
LD 319680
LD 319712
LD 319744
LD 319776
LD 319808
LD 319840
LD 319872
LD 319904
LD 319936
LD 319968
